ESP-ROM:esp32s3-20210327
Build:Mar 27 2021
rst:0x1 (POWERON),boot:0x8 (SPI_FAST_FLASH_BOOT)
SPIWP:0xee
mode:DIO, clock div:1
load:0x3fce3810,len:0x1718
load:0x403c9700,len:0x4
load:0x403c9704,len:0xc20
load:0x403cc700,len:0x2f38
SHA-256 comparison failed:
Calculated: 30c812b88cc6ca74cc2a44f1995f2e93ed2c1b8e7e16d264753f1e9622516e30
Expected: ffffffffffffffffffffffffffffffffffffffffffffffffffffffffffffffff
Attempting to boot anyway...
entry 0x403c9910
[0;32mI (45) boot: ESP-IDF v5.2-dev-2368-g52bca70b1a-dirty 2nd stage bootloader[0m
[0;32mI (45) boot: compile time Aug 23 2023 16:49:51[0m
[0;32mI (46) boot: Multicore bootloader[0m
[0;32mI (51) boot: chip revision: v0.1[0m
[0;32mI (54) boot.esp32s3: Boot SPI Speed : 80MHz[0m
[0;32mI (59) boot.esp32s3: SPI Mode       : DIO[0m
[0;32mI (64) boot.esp32s3: SPI Flash Size : 8MB[0m
[0;32mI (69) boot: Enabling RNG early entropy source...[0m
[0;32mI (74) boot: Partition Table:[0m
[0;32mI (78) boot: ## Label            Usage          Type ST Offset   Length[0m
[0;32mI (85) boot:  0 nvs              WiFi data        01 02 00009000 00006000[0m
[0;32mI (92) boot:  1 phy_init         RF data          01 01 0000f000 00001000[0m
[0;32mI (100) boot:  2 factory          factory app      00 00 00010000 00100000[0m
[0;32mI (107) boot: End of partition table[0m
[0;32mI (112) esp_image: segment 0: paddr=00010020 vaddr=3c030020 size=0efc0h ( 61376) map[0m
[0;32mI (127) esp_image: segment 1: paddr=0001efe8 vaddr=3fc92300 size=01030h (  4144) load[0m
[0;32mI (129) esp_image: segment 2: paddr=00020020 vaddr=42000020 size=2437ch (148348) map[0m
[0;32mI (154) esp_image: segment 3: paddr=000443a4 vaddr=3fc93330 size=01a28h (  6696) load[0m
[0;32mI (155) esp_image: segment 4: paddr=00045dd4 vaddr=40374000 size=0e218h ( 57880) load[0m
[0;32mI (174) boot: Loaded app from partition at offset 0x10000[0m
[0;32mI (174) boot: Disabling RNG early entropy source...[0m
[0;32mI (186) cpu_start: Multicore app[0m
[0;32mI (186) cpu_start: Pro cpu up.[0m
[0;32mI (186) cpu_start: Starting app cpu, entry point is 0x40375208[0m
[0;32mI (0) cpu_start: App cpu up.[0m
[0;32mI (204) cpu_start: Pro cpu start user code[0m
[0;32mI (204) cpu_start: cpu freq: 240000000 Hz[0m
[0;32mI (204) cpu_start: Application information:[0m
[0;32mI (207) cpu_start: Project name:     usb_host_lib_example[0m
[0;32mI (213) cpu_start: App version:      1[0m
[0;32mI (218) cpu_start: Compile time:     Aug 23 2023 16:49:49[0m
[0;32mI (224) cpu_start: ELF file SHA256:  ae1838e66...[0m
[0;32mI (229) cpu_start: ESP-IDF:          v5.2-dev-2368-g52bca70b1a-dirty[0m
[0;32mI (236) cpu_start: Min chip rev:     v0.0[0m
[0;32mI (241) cpu_start: Max chip rev:     v0.99 [0m
[0;32mI (246) cpu_start: Chip rev:         v0.1[0m
[0;32mI (251) heap_init: Initializing. RAM available for dynamic allocation:[0m
[0;32mI (258) heap_init: At 3FC955E0 len 00054130 (336 KiB): DRAM[0m
[0;32mI (264) heap_init: At 3FCE9710 len 00005724 (21 KiB): STACK/DRAM[0m
[0;32mI (271) heap_init: At 3FCF0000 len 00008000 (32 KiB): DRAM[0m
[0;32mI (277) heap_init: At 600FE010 len 00001FD8 (7 KiB): RTCRAM[0m
[0;32mI (284) spi_flash: detected chip: generic[0m
[0;32mI (288) spi_flash: flash io: dio[0m
[0;32mI (292) sleep: Configure to isolate all GPIO pins in sleep state[0m
[0;32mI (299) sleep: Enable automatic switching of GPIO sleep configuration[0m
[0;32mI (306) app_start: Starting scheduler on CPU0[0m
[0;32mI (311) app_start: Starting scheduler on CPU1[0m
[0;32mI (311) main_task: Started on CPU0[0m
[0;32mI (321) main_task: Calling app_main()[0m
[0;32mI (321) DAEMON: Installing USB Host Library[0m
[0;32mI (361) CLASS: Registering Client[0m
[0;32mI (861) ADSB: rtlsdr_write_reg here 1[0m
[0;32mI (861) ADSB: rtlsdr_write_reg here 1[0m
[0;32mI (861) ADSB: rtlsdr_write_reg here 2[0m
[0;32mI (861) ADSB: rtlsdr_write_reg here 2[0m
[0;32mI (871) ADSB: rtlsdr_write_reg here 1[0m
[0;32mI (871) ADSB: rtlsdr_write_reg here 1[0m
[0;32mI (1081) ADSB: rtl device number 105[0m
rtlsdr_i2c_read_reg R82XX_CHECK_ADDR setting done
Found Rafael Micro R820T tuner
[R82XX] PLL not locked!
Exact sample rate is: 2000000.052982 Hz
[R82XX] PLL not locked!
Sampling at 2000000 S/s.
[R82XX] PLL not locked!
Tuned to 1090000000 Hz.
Tuner gain set to automatic.
[0;32mI (1401) ADSB: rtlsdr_write_reg here 2[0m
[0;32mI (1401) ADSB: rtlsdr_write_reg here 2[0m
[0;32mI (2401) CLASS: [APP] Free memory: 372296 bytes[0m
[0;32mI (2401) ADSB: esp_libusb_bulk_transfer info 129 1024 0 2[0m
[0;32mI (2401) ADSB: esp_libusb_bulk_transfer usb_host_transfer_alloc 1088[0m
usb_host_transfer_submit111 0
BULK: Transfer:Read type 1088
BULK: Transfer:Read status 5, actual number of bytes transferred 0, databuffer size 1088, 52
[0;32mI (2421) CLASS: [APP] Free memory: 370032 bytes[0m
F455C93FF455C93F34BFB64092311BF259F39E74B5E5833C4C413DE39F5A15EF674FD947F607EDF855932974863112973922440A4D376D54F8B948108DF9A8887457A46FD0971C9683B95D140FA62EC8C11F3169664C8B52C4CCE709E7DCBFF8D075744DF5B469079432CD38254379573830BD90704D3B6B0B1D05F6FED5707D8C96A7D5B403F596821905064A84980878C2C5182F713DC6ACE02043DFE99DBD2FF4B1CE508CB356FF0767B6E900E005C2984C043A278FC3FF333BAF021F1B1A5CF0F80D16645C480857108640959D03C9ABF18A1D3E1E0BF540E0F9F7B8B1721C9F6998F87FAC3BA683111A5806CCEE57C84F74AEE5049CBAEB0EF286FCD5C349E86AD218F1B1AC2A4B49BFF73B436A3E1EE97027BF410ED04751DD903EF362DFEB8EEB8FB582358B0E498F294DC29E29F4091AB6D18D7B8DA5FCEBD0BB53DC2A0EBF8A81106B668CF7BD6BA960923E0BF98729AD6198E1905DB96B8BDC565E99FD53C936CFF5F7B60481F2DB95AD50FB828879384189367555F861766ED5A250B71B2063E9BF275A0A08AA805F311E5451325A253F8DFDC7DDDCAA760AC9432AD6213A640E11B8954E472F85917498B5139D28BB69E2FFE0D6D6873BB7A5AD3E9663C3B09C1E449D4714D22961A5EF9D405E7FF217CF98F57816F9AFD74EA918C8D3916583AB6DCAE82A57844DB119C15EF33E55EA075B2FCC4BCB0CA4A9226597CAD19588F3D5B7CD517D4A43DB2810AFEEC463C14DD4D7A0F0DC96723DB2536875DE66FCA1FA409D4899EFAC31DC045104A29FCF4CAAF1435FFFE6A6C3A35197E6C4DA4E179B652A2ACB0039329D210FAD5D2357232B532F706ACB1366DE022EE44467AD32ADD009CF7F6CDF86833E22F5753EBC1E96A12F15895B676FBBBFF6D873B1D075A42A3AEAE46F2261897C6BEDA563FC0E6736AADC7CCD9EDFAF5D5F65C624AA82635286CAC5D9701C7A17C726F56A461889EB7DBD68A1FEDEBC5921D8F2BB2C89A148928E0EA0141164C6A443542B64A8F793465885FE53FC08B452EEE15885E90E2910162571798D8141A2C93B3E0B315B8F2BFE64BE689BBA8E7674C60090F156EAA0F644E27B9C18DA6A5B1602FBD15F0C263D4A7C22F1BDE3464040A612D489BC8B1E0739C0EC061835E9850A43EAA6F45136FC30C6CA38413B59757742167012C006CA14AD5AB5E0B1FB8331F46D5E594AC5B2BE72703F80E3BBBA6820F6A08915B97B5969F4C1216D69A50BBE45331296A16CF3AEBA6790872F026E730266F80583A981328AFAFA59C7FB203E747571DC8B9DDAD5FEEDAE85B947EEF3FB3CD9F698A0EBE9164E1B0303F4D2B63C5077F76ADA3FC9CEEA77404EE29D6B84B9303512D000A9470E15268F211A6D253212A178D0E2FD39A0B2F15BDA1B93C99FF84D97E081B68B8EAC9AD45934107E261B39609F05EF6D6B[0;32mI (2591) ADSB: esp_libusb_bulk_transfer info 129 1024 0 1088[0m
[0;32mI (2611) ADSB: esp_libusb_bulk_transfer usb_host_transfer_alloc 1088[0m
usb_host_transfer_submit111 0
BULK: Transfer:Read type 1088
BULK: Transfer:Read status 7, actual number of bytes transferred 0, databuffer size 1088, 27
[0;32mI (2631) ADSB: esp_libusb_bulk_transfer failed[0m
[0;32mI (2631) CLASS: [APP] Free memory: 367768 bytes[0m
WARNING: sync read failed.
[0;32mI (2641) ADSB: Getting config descriptor[0m
*** Configuration descriptor ***
bLength 9
bDescriptorType 2
wTotalLength 34
bNumInterfaces 2
bConfigurationValue 1
iConfiguration 4
bmAttributes 0x80
bMaxPower 500mA
	*** Interface descriptor ***
	bLength 9
	bDescriptorType 4
	bInterfaceNumber 0
	bAlternateSetting 0
	bNumEndpoints 1
	bInterfaceClass 0xff
	bInterfaceSubClass 0xff
	bInterfaceProtocol 0xff
	iInterface 5
		*** Endpoint descriptor ***
		bLength 7
		bDescriptorType 5
		bEndpointAddress 0x81	EP 1 IN
		bmAttributes 0x2	BULK
		wMaxPacketSize 64
		bInterval 1
	*** Interface descriptor ***
	bLength 9
	bDescriptorType 4
	bInterfaceNumber 1
	bAlternateSetting 0
	bNumEndpoints 0
	bInterfaceClass 0xff
	bInterfaceSubClass 0xff
	bInterfaceProtocol 0xff
	iInterface 5
[0;31mE (2711) USBH: Device 1 gone[0m

abort() was called at PC 0x42012560 on core 0


Backtrace: 0x403758ea:0x3fc9b290 0x40379b7d:0x3fc9b2b0 0x4037fe8e:0x3fc9b2d0 0x42012560:0x3fc9b340 0x42013222:0x3fc9b360 0x4200d6f0:0x3fc9b380 0x42008786:0x3fc9b3a0 0x4037c299:0x3fc9b3d0




ELF file SHA256: ae1838e66

Rebooting...
ESP-ROM:esp32s3-20210327
Build:Mar 27 2021
rst:0xc (RTC_SW_CPU_RST),boot:0x8 (SPI_FAST_FLASH_BOOT)
Saved PC:0x403757fc
SPIWP:0xee
mode:DIO, clock div:1
load:0x3fce3810,len:0x1718
load:0x403c9700,len:0x4
load:0x403c9704,len:0xc20
load:0x403cc700,len:0x2f38
SHA-256 comparison failed:
Calculated: 30c812b88cc6ca74cc2a44f1995f2e93ed2c1b8e7e16d264753f1e9622516e30
Expected: ffffffffffffffffffffffffffffffffffffffffffffffffffffffffffffffff
Attempting to boot anyway...
entry 0x403c9910
[0;32mI (50) boot: ESP-IDF v5.2-dev-2368-g52bca70b1a-dirty 2nd stage bootloader[0m
[0;32mI (50) boot: compile time Aug 23 2023 16:49:51[0m
[0;32mI (51) boot: Multicore bootloader[0m
[0;32mI (55) boot: chip revision: v0.1[0m
[0;32mI (59) boot.esp32s3: Boot SPI Speed : 80MHz[0m
[0;32mI (64) boot.esp32s3: SPI Mode       : DIO[0m
[0;32mI (68) boot.esp32s3: SPI Flash Size : 8MB[0m
[0;32mI (73) boot: Enabling RNG early entropy source...[0m
[0;32mI (78) boot: Partition Table:[0m
[0;32mI (82) boot: ## Label            Usage          Type ST Offset   Length[0m
[0;32mI (89) boot:  0 nvs              WiFi data        01 02 00009000 00006000[0m
[0;32mI (97) boot:  1 phy_init         RF data          01 01 0000f000 00001000[0m
[0;32mI (104) boot:  2 factory          factory app      00 00 00010000 00100000[0m
[0;32mI (112) boot: End of partition table[0m
[0;32mI (116) esp_image: segment 0: paddr=00010020 vaddr=3c030020 size=0efc0h ( 61376) map[0m
[0;32mI (131) esp_image: segment 1: paddr=0001efe8 vaddr=3fc92300 size=01030h (  4144) load[0m
[0;32mI (134) esp_image: segment 2: paddr=00020020 vaddr=42000020 size=2437ch (148348) map[0m
[0;32mI (158) esp_image: segment 3: paddr=000443a4 vaddr=3fc93330 size=01a28h (  6696) load[0m
[0;32mI (159) esp_image: segment 4: paddr=00045dd4 vaddr=40374000 size=0e218h ( 57880) load[0m
[0;32mI (179) boot: Loaded app from partition at offset 0x10000[0m
[0;32mI (179) boot: Disabling RNG early entropy source...[0m
[0;32mI (190) cpu_start: Multicore app[0m
[0;32mI (190) cpu_start: Pro cpu up.[0m
[0;32mI (191) cpu_start: Starting app cpu, entry point is 0x40375208[0m
[0;32mI (156) cpu_start: App cpu up.[0m
[0;32mI (209) cpu_start: Pro cpu start user code[0m
[0;32mI (209) cpu_start: cpu freq: 240000000 Hz[0m
[0;32mI (209) cpu_start: Application information:[0m
[0;32mI (212) cpu_start: Project name:     usb_host_lib_example[0m
[0;32mI (218) cpu_start: App version:      1[0m
[0;32mI (222) cpu_start: Compile time:     Aug 23 2023 16:49:49[0m
[0;32mI (229) cpu_start: ELF file SHA256:  ae1838e66...[0m
[0;32mI (234) cpu_start: ESP-IDF:          v5.2-dev-2368-g52bca70b1a-dirty[0m
[0;32mI (241) cpu_start: Min chip rev:     v0.0[0m
[0;32mI (246) cpu_start: Max chip rev:     v0.99 [0m
[0;32mI (250) cpu_start: Chip rev:         v0.1[0m
[0;32mI (255) heap_init: Initializing. RAM available for dynamic allocation:[0m
[0;32mI (263) heap_init: At 3FC955E0 len 00054130 (336 KiB): DRAM[0m
[0;32mI (269) heap_init: At 3FCE9710 len 00005724 (21 KiB): STACK/DRAM[0m
[0;32mI (275) heap_init: At 3FCF0000 len 00008000 (32 KiB): DRAM[0m
[0;32mI (281) heap_init: At 600FE010 len 00001FD8 (7 KiB): RTCRAM[0m
[0;32mI (289) spi_flash: detected chip: generic[0m
[0;32mI (292) spi_flash: flash io: dio[0m
[0;32mI (297) sleep: Configure to isolate all GPIO pins in sleep state[0m
[0;32mI (303) sleep: Enable automatic switching of GPIO sleep configuration[0m
[0;32mI (310) app_start: Starting scheduler on CPU0[0m
[0;32mI (315) app_start: Starting scheduler on CPU1[0m
[0;32mI (315) main_task: Started on CPU0[0m
[0;32mI (325) main_task: Calling app_main()[0m
[0;32mI (325) DAEMON: Installing USB Host Library[0m
[0;32mI (365) CLASS: Registering Client[0m
ESP-ROM:esp32s3-20210327
Build:Mar 27 2021
rst:0x1 (POWERON),boot:0x8 (SPI_FAST_FLASH_BOOT)
SPIWP:0xee
mode:DIO, clock div:1
load:0x3fce3810,len:0x1718
load:0x403c9700,len:0x4
load:0x403c9704,len:0xc20
load:0x403cc700,len:0x2f38
SHA-256 comparison failed:
Calculated: 30c812b88cc6ca74cc2a44f1995f2e93ed2c1b8e7e16d264753f1e9622516e30
Expected: ffffffffffffffffffffffffffffffffffffffffffffffffffffffffffffffff
Attempting to boot anyway...
entry 0x403c9910
[0;32mI (45) boot: ESP-IDF v5.2-dev-2368-g52bca70b1a-dirty 2nd stage bootloader[0m
[0;32mI (45) boot: compile time Aug 23 2023 16:49:51[0m
[0;32mI (46) boot: Multicore bootloader[0m
[0;32mI (51) boot: chip revision: v0.1[0m
[0;32mI (54) boot.esp32s3: Boot SPI Speed : 80MHz[0m
[0;32mI (59) boot.esp32s3: SPI Mode       : DIO[0m
[0;32mI (64) boot.esp32s3: SPI Flash Size : 8MB[0m
[0;32mI (69) boot: Enabling RNG early entropy source...[0m
[0;32mI (74) boot: Partition Table:[0m
[0;32mI (78) boot: ## Label            Usage          Type ST Offset   Length[0m
[0;32mI (85) boot:  0 nvs              WiFi data        01 02 00009000 00006000[0m
[0;32mI (92) boot:  1 phy_init         RF data          01 01 0000f000 00001000[0m
[0;32mI (100) boot:  2 factory          factory app      00 00 00010000 00100000[0m
[0;32mI (107) boot: End of partition table[0m
[0;32mI (112) esp_image: segment 0: paddr=00010020 vaddr=3c030020 size=0efc0h ( 61376) map[0m
[0;32mI (127) esp_image: segment 1: paddr=0001efe8 vaddr=3fc92300 size=01030h (  4144) load[0m
[0;32mI (129) esp_image: segment 2: paddr=00020020 vaddr=42000020 size=2437ch (148348) map[0m
[0;32mI (154) esp_image: segment 3: paddr=000443a4 vaddr=3fc93330 size=01a28h (  6696) load[0m
[0;32mI (155) esp_image: segment 4: paddr=00045dd4 vaddr=40374000 size=0e218h ( 57880) load[0m
[0;32mI (174) boot: Loaded app from partition at offset 0x10000[0m
[0;32mI (174) boot: Disabling RNG early entropy source...[0m
[0;32mI (186) cpu_start: Multicore app[0m
[0;32mI (186) cpu_start: Pro cpu up.[0m
[0;32mI (186) cpu_start: Starting app cpu, entry point is 0x40375208[0m
[0;32mI (0) cpu_start: App cpu up.[0m
[0;32mI (204) cpu_start: Pro cpu start user code[0m
[0;32mI (204) cpu_start: cpu freq: 240000000 Hz[0m
[0;32mI (204) cpu_start: Application information:[0m
[0;32mI (207) cpu_start: Project name:     usb_host_lib_example[0m
[0;32mI (213) cpu_start: App version:      1[0m
[0;32mI (218) cpu_start: Compile time:     Aug 23 2023 16:49:49[0m
[0;32mI (224) cpu_start: ELF file SHA256:  ae1838e66...[0m
[0;32mI (229) cpu_start: ESP-IDF:          v5.2-dev-2368-g52bca70b1a-dirty[0m
[0;32mI (236) cpu_start: Min chip rev:     v0.0[0m
[0;32mI (241) cpu_start: Max chip rev:     v0.99 [0m
[0;32mI (246) cpu_start: Chip rev:         v0.1[0m
[0;32mI (251) heap_init: Initializing. RAM available for dynamic allocation:[0m
[0;32mI (258) heap_init: At 3FC955E0 len 00054130 (336 KiB): DRAM[0m
[0;32mI (264) heap_init: At 3FCE9710 len 00005724 (21 KiB): STACK/DRAM[0m
[0;32mI (271) heap_init: At 3FCF0000 len 00008000 (32 KiB): DRAM[0m
[0;32mI (277) heap_init: At 600FE010 len 00001FD8 (7 KiB): RTCRAM[0m
[0;32mI (284) spi_flash: detected chip: generic[0m
[0;32mI (288) spi_flash: flash io: dio[0m
[0;32mI (292) sleep: Configure to isolate all GPIO pins in sleep state[0m
[0;32mI (299) sleep: Enable automatic switching of GPIO sleep configuration[0m
[0;32mI (306) app_start: Starting scheduler on CPU0[0m
[0;32mI (311) app_start: Starting scheduler on CPU1[0m
[0;32mI (311) main_task: Started on CPU0[0m
[0;32mI (321) main_task: Calling app_main()[0m
[0;32mI (321) DAEMON: Installing USB Host Library[0m
[0;32mI (361) CLASS: Registering Client[0m
[0;32mI (2791) ADSB: rtlsdr_write_reg here 1[0m
[0;32mI (2791) ADSB: rtlsdr_write_reg here 1[0m
[0;32mI (2791) ADSB: rtlsdr_write_reg here 2[0m
[0;32mI (2791) ADSB: rtlsdr_write_reg here 2[0m
[0;32mI (2801) ADSB: rtlsdr_write_reg here 1[0m
[0;32mI (2801) ADSB: rtlsdr_write_reg here 1[0m
[0;32mI (3011) ADSB: rtl device number 105[0m
rtlsdr_i2c_read_reg R82XX_CHECK_ADDR setting done
Found Rafael Micro R820T tuner
[R82XX] PLL not locked!
Exact sample rate is: 2000000.052982 Hz
[R82XX] PLL not locked!
Sampling at 2000000 S/s.
[R82XX] PLL not locked!
Tuned to 1090000000 Hz.
Tuner gain set to automatic.
[0;32mI (3331) ADSB: rtlsdr_write_reg here 2[0m
[0;32mI (3331) ADSB: rtlsdr_write_reg here 2[0m
[0;32mI (4331) CLASS: [APP] Free memory: 372296 bytes[0m
[0;32mI (4331) ADSB: esp_libusb_bulk_transfer info 129 1024 0 2[0m
[0;32mI (4331) ADSB: esp_libusb_bulk_transfer usb_host_transfer_alloc 1088[0m
usb_host_transfer_submit111 0
BULK: Transfer:Read type 1088
BULK: Transfer:Read status 5, actual number of bytes transferred 0, databuffer size 1088, 20
[0;32mI (4351) CLASS: [APP] Free memory: 370032 bytes[0m
F455C93FF455C93F14BFB66012311BF259B3DE7435C5C33C4E4B3DE39E5A15EF674FD946FE03EDF855932954A23112B72922440A4F376F54FCB948509DF9A0887457A44FD097189683B95D150FA62EC8C11F3160664C8B52CCCCE709E7DCBFF8D074744DF5B4690794B2CD28354379573024BD92704D3B0B0F1D05F6DED570FD8C97A7D5B503F59E829905064884984878C2C5192F3135C6ADE02043DFE99D3D2FE4B10F50AE9356FF0763BEF900A015C2984C243A278FC3FF7339AF821F1B1A5CF0F00D16645E480857129644959D03C9A3F18A1D3E1E0BF540E0F9B3B8B1F21C8F2998F97FAC3BA68311185806CCEED7C84F74AEF50414FAE90FF286BC5D83C9E868DA18F7B1AC2A4B4DBF7779436A3E1EE97037BF410ED84F519D803EB762DFE18EEB8FF5A2358B0E490F294DC29E29F4091EE0918D728DADFCFBD0BB53DCAA0EBF8A81114A7488F7BD6BA960923E1BFB8729E57188C1905DB97BEB5C565E99BF53CD7ECFF5F7B60489F2DBB5AD52FB828979084189363545DA69F66ED5A240A71B6063E1A727520A88EA005F311E14D1325225378DF5C7DDDCAA760AC9432AC6253A640E11A8854E472F819124B8B1939DA8BB69E2FFE8D6D6C33BBBA1AD3E9663C7B09E1EC49D471CD22961A1FF9C405E7FE2175F98F57814F9AFD74EA91CC8D3826107AB6DCEE82A57874DB119C13EF33E55EA055B2FCC4ACB0CA4A9226517EAD19D80F3F4B7CD517D4A41DB2C14AEECC463C10FC4DFE0F0DC967239B25B6875CEE4DCA1FA419D6899EFA835DC045126A29FCF482AF1425FFFE6A6438F6197E4C45A4E171B652A2ACA0039329C310FADD92357236B132F7062CB13E6DE066AE44067AD32AD50014F7D68CF86833E02F7753E3C1E96A02317895B676F3BBFF6D073B1D075800E3AEEE46F22E1897C6BADA563FC0E2716A8DC7CCD9EDFAF5FDF67C624AA82635284EAE5D9601C7A13C736756A461889EB3DBD08A1FE5EBC5925D8F7BA2889B14892CE062155116446A443542B64ACF693465885FE53FC083452EEC15885E91E291036277179AD8141AAC93B3E03155B8F2BFE64BE689BBA867674C61290F156EAA87644E67794189A6A5B1682EBD15A0C263D4AFC22FBBDE3466050A613D489BCCB1E8739C0E4061835E9050A47EAA6F4D136FC30C6CB39413B59757742127012C0064B16AD5AB1E8B1FB8331F66D5E595AC5B2BE7A603F80E3BBBA6820F6A02955A9FB5969F4D0616D59A50BBE55331296A16C73AEBA6791872F826A730266F8058389813282FAFA59C7FB303C547571DC8B9DD295FE6DEE85BD43EAF3FB3CD9F698A1EEAD164E3A2303F6D2B63C5253F768FA7FC98EEAF7604EE29D7B84B9303602D000A4471E1D260F211A6D2D3212A178D8E2FDB9B8D2F95BCA1B93C99BF80D97E082B68F8EEDDAD45934187E26133D609F05EF6DEB[0;32mI (4521) ADSB: esp_libusb_bulk_transfer info 129 1024 0 1088[0m
[0;32mI (4541) ADSB: esp_libusb_bulk_transfer usb_host_transfer_alloc 1088[0m
usb_host_transfer_submit111 0
BULK: Transfer:Read type 1088
BULK: Transfer:Read status 7, actual number of bytes transferred 0, databuffer size 1088, 26
[0;32mI (4561) ADSB: esp_libusb_bulk_transfer failed[0m
[0;32mI (4561) CLASS: [APP] Free memory: 367768 bytes[0m
WARNING: sync read failed.
[0;32mI (4571) ADSB: Getting config descriptor[0m
*** Configuration descriptor ***
bLength 9
bDescriptorType 2
wTotalLength 34
bNumInterfaces 2
bConfigurationValue 1
iConfiguration 4
bmAttributes 0x80
bMaxPower 500mA
	*** Interface descriptor ***
	bLength 9
	bDescriptorType 4
	bInterfaceNumber 0
	bAlternateSetting 0
	bNumEndpoints 1
	bInterfaceClass 0xff
	bInterfaceSubClass 0xff
	bInterfaceProtocol 0xff
	iInterface 5
		*** Endpoint descriptor ***
		bLength 7
		bDescriptorType 5
		bEndpointAddress 0x81	EP 1 IN
		bmAttributes 0x2	BULK
		wMaxPacketSize 64
		bInterval 1
	*** Interface descriptor ***
	bLength 9
	bDescriptorType 4
	bInterfaceNumber 1
	bAlternateSetting 0
	bNumEndpoints 0
	bInterfaceClass 0xff
	bInterfaceSubClass 0xff
	bInterfaceProtocol 0xff
	iInterface 5
[0;31mE (4641) USBH: Device 1 gone[0m
