ï¿½ï¿½ï¿½}ï¿½ï¿½ESP-ROM:esp32s3-20210327
Build:Mar 27 2021
rst:0x1 (POWERON),boot:0x8 (SPI_FAST_FLASH_BOOT)
SPIWP:0xee
mode:DIO, clock div:1
load:0x3fce3810,len:0x1718
load:0x403c9700,len:0x4
load:0x403c9704,len:0xc20
load:0x403cc700,len:0x2f38
SHA-256 comparison failed:
Calculated: 65da7d344598d4ad2f1b8b4cc9046f4ec01e6df52ca34df7af51425080690741
Expected: ffffffffffffffffffffffffffffffffffffffffffffffffffffffffffffffff
Attempting to boot anyway...
entry 0x403c9910
[0;32mI (45) boot: ESP-IDF v5.2-dev-2368-g52bca70b1a-dirty 2nd stage bootloader[0m
[0;32mI (45) boot: compile time Aug 24 2023 15:20:03[0m
[0;32mI (46) boot: Multicore bootloader[0m
[0;32mI (51) boot: chip revision: v0.1[0m
[0;32mI (54) boot.esp32s3: Boot SPI Speed : 80MHz[0m
[0;32mI (59) boot.esp32s3: SPI Mode       : DIO[0m
[0;32mI (64) boot.esp32s3: SPI Flash Size : 8MB[0m
[0;32mI (69) boot: Enabling RNG early entropy source...[0m
[0;32mI (74) boot: Partition Table:[0m
[0;32mI (78) boot: ## Label            Usage          Type ST Offset   Length[0m
[0;32mI (85) boot:  0 nvs              WiFi data        01 02 00009000 00006000[0m
[0;32mI (92) boot:  1 phy_init         RF data          01 01 0000f000 00001000[0m
[0;32mI (100) boot:  2 factory          factory app      00 00 00010000 00100000[0m
[0;32mI (107) boot: End of partition table[0m
[0;32mI (112) esp_image: segment 0: paddr=00010020 vaddr=3c030020 size=0f3c0h ( 62400) map[0m
[0;32mI (127) esp_image: segment 1: paddr=0001f3e8 vaddr=3fc92900 size=00c30h (  3120) load[0m
[0;32mI (129) esp_image: segment 2: paddr=00020020 vaddr=42000020 size=24bb4h (150452) map[0m
[0;32mI (154) esp_image: segment 3: paddr=00044bdc vaddr=3fc93530 size=01ebch (  7868) load[0m
[0;32mI (155) esp_image: segment 4: paddr=00046aa0 vaddr=40374000 size=0e86ch ( 59500) load[0m
[0;32mI (175) boot: Loaded app from partition at offset 0x10000[0m
[0;32mI (175) boot: Disabling RNG early entropy source...[0m
[0;32mI (186) cpu_start: Multicore app[0m
[0;32mI (187) esp_psram: Found 2MB PSRAM device[0m
[0;32mI (187) esp_psram: Speed: 40MHz[0m
[0;32mI (188) cpu_start: Pro cpu up.[0m
[0;32mI (191) cpu_start: Starting app cpu, entry point is 0x40375290[0m
[0;32mI (0) cpu_start: App cpu up.[0m
[0;32mI (617) esp_psram: SPI SRAM memory test OK[0m
[0;32mI (626) cpu_start: Pro cpu start user code[0m
[0;32mI (626) cpu_start: cpu freq: 240000000 Hz[0m
[0;32mI (626) cpu_start: Application information:[0m
[0;32mI (629) cpu_start: Project name:     usb_host_lib_example[0m
[0;32mI (635) cpu_start: App version:      1[0m
[0;32mI (639) cpu_start: Compile time:     Aug 24 2023 15:20:00[0m
[0;32mI (646) cpu_start: ELF file SHA256:  07b14d7c1...[0m
[0;32mI (651) cpu_start: ESP-IDF:          v5.2-dev-2368-g52bca70b1a-dirty[0m
[0;32mI (658) cpu_start: Min chip rev:     v0.1[0m
[0;32mI (663) cpu_start: Max chip rev:     v0.99 [0m
[0;32mI (668) cpu_start: Chip rev:         v0.1[0m
[0;32mI (672) heap_init: Initializing. RAM available for dynamic allocation:[0m
[0;32mI (680) heap_init: At 3FC95CB0 len 00053A60 (334 KiB): DRAM[0m
[0;32mI (686) heap_init: At 3FCE9710 len 00005724 (21 KiB): STACK/DRAM[0m
[0;32mI (692) heap_init: At 3FCF0000 len 00008000 (32 KiB): DRAM[0m
[0;32mI (699) heap_init: At 600FE010 len 00001FD8 (7 KiB): RTCRAM[0m
[0;32mI (705) esp_psram: Adding pool of 2048K of PSRAM memory to heap allocator[0m
[0;32mI (713) spi_flash: detected chip: generic[0m
[0;32mI (717) spi_flash: flash io: dio[0m
[0;32mI (721) sleep: Configure to isolate all GPIO pins in sleep state[0m
[0;32mI (728) sleep: Enable automatic switching of GPIO sleep configuration[0m
[0;32mI (735) app_start: Starting scheduler on CPU0[0m
[0;32mI (740) app_start: Starting scheduler on CPU1[0m
[0;32mI (740) main_task: Started on CPU0[0m
[0;32mI (750) esp_psram: Reserving pool of 32K of internal memory for DMA/internal allocations[0m
[0;32mI (760) main_task: Calling app_main()[0m
[0;32mI (760) DAEMON: Installing USB Host Library[0m
[0;32mI (800) CLASS: Registering Client[0m
[0;32mI (1300) ADSB: rtlsdr_write_reg here 1[0m
[0;32mI (1300) ADSB: rtlsdr_write_reg here 1[0m
[0;32mI (1300) ADSB: rtlsdr_write_reg here 2[0m
[0;32mI (1300) ADSB: rtlsdr_write_reg here 2[0m
[0;32mI (1310) ADSB: rtlsdr_write_reg here 1[0m
[0;32mI (1310) ADSB: rtlsdr_write_reg here 1[0m
[0;32mI (1520) ADSB: rtl device number 105[0m
rtlsdr_i2c_read_reg R82XX_CHECK_ADDR setting done
Found Rafael Micro R820T tuner
[R82XX] PLL not locked!
Exact sample rate is: 2000000.052982 Hz
[R82XX] PLL not locked!
Sampling at 2000000 S/s.
[R82XX] PLL not locked!
Tuned to 1090000000 Hz.
Tuner gain set to automatic.
[0;32mI (1840) ADSB: rtlsdr_write_reg here 2[0m
[0;32mI (1840) ADSB: rtlsdr_write_reg here 2[0m
[0;32mI (2840) CLASS: [APP] Free memory: 2204996 bytes[0m
[0;32mI (2840) ADSB: esp_libusb_bulk_transfer info 129 229376 0 2[0m
[0;32mI (2840) ADSB: esp_libusb_bulk_transfer usb_host_transfer_alloc 229376[0m
usb_host_transfer_submit111 0
BULK: Transfer:Read type 229376
BULK: Transfer:Read status 5, actual number of bytes transferred 0, databuffer size 229376, 0
[0;32mI (2870) ADSB: esp_libusb_bulk_transfer failed[0m
[0;32mI (2880) CLASS: [APP] Free memory: 1746156 bytes[0m
WARNING: sync read failed.
