ESP-ROM:esp32s3-20210327
Build:Mar 27 2021
rst:0x1 (POWERON),boot:0x8 (SPI_FAST_FLASH_BOOT)
SPIWP:0xee
mode:DIO, clock div:1
load:0x3fce3820,len:0x1718
load:0x403c9700,len:0x4
load:0x403c9704,len:0xc20
load:0x403cc700,len:0x2f20
entry 0x403c9910
[0;32mI (27) boot: ESP-IDF v5.2-dev-2164-g3befd5fff7 2nd stage bootloader[0m
[0;32mI (27) boot: compile time Aug 17 2023 12:14:45[0m
[0;32mI (28) boot: Multicore bootloader[0m
[0;32mI (32) boot: chip revision: v0.1[0m
[0;32mI (35) boot.esp32s3: Boot SPI Speed : 80MHz[0m
[0;32mI (40) boot.esp32s3: SPI Mode       : DIO[0m
[0;32mI (45) boot.esp32s3: SPI Flash Size : 2MB[0m
[0;32mI (50) boot: Enabling RNG early entropy source...[0m
[0;32mI (55) boot: Partition Table:[0m
[0;32mI (59) boot: ## Label            Usage          Type ST Offset   Length[0m
[0;32mI (66) boot:  0 nvs              WiFi data        01 02 00009000 00006000[0m
[0;32mI (73) boot:  1 phy_init         RF data          01 01 0000f000 00001000[0m
[0;32mI (81) boot:  2 factory          factory app      00 00 00010000 00100000[0m
[0;32mI (88) boot: End of partition table[0m
[0;32mI (93) esp_image: segment 0: paddr=00010020 vaddr=3c030020 size=0dfb0h ( 57264) map[0m
[0;32mI (111) esp_image: segment 1: paddr=0001dfd8 vaddr=3fc92200 size=02040h (  8256) load[0m
[0;32mI (113) esp_image: segment 2: paddr=00020020 vaddr=42000020 size=20004h (131076) map[0m
[0;32mI (141) esp_image: segment 3: paddr=0004002c vaddr=3fc94240 size=00898h (  2200) load[0m
[0;32mI (142) esp_image: segment 4: paddr=000408cc vaddr=40374000 size=0e1e0h ( 57824) load[0m
[0;32mI (166) boot: Loaded app from partition at offset 0x10000[0m
[0;32mI (166) boot: Disabling RNG early entropy source...[0m
[0;32mI (177) cpu_start: Multicore app[0m
[0;32mI (178) cpu_start: Pro cpu up.[0m
[0;32mI (178) cpu_start: Starting app cpu, entry point is 0x40375208[0m
[0;32mI (0) cpu_start: App cpu up.[0m
[0;32mI (196) cpu_start: Pro cpu start user code[0m
[0;32mI (196) cpu_start: cpu freq: 160000000 Hz[0m
[0;32mI (196) cpu_start: Application information:[0m
[0;32mI (199) cpu_start: Project name:     usb_host_lib_example[0m
[0;32mI (205) cpu_start: App version:      1[0m
[0;32mI (210) cpu_start: Compile time:     Aug 17 2023 12:14:37[0m
[0;32mI (216) cpu_start: ELF file SHA256:  8f874c879...[0m
[0;32mI (221) cpu_start: ESP-IDF:          v5.2-dev-2164-g3befd5fff7[0m
[0;32mI (227) cpu_start: Min chip rev:     v0.0[0m
[0;32mI (232) cpu_start: Max chip rev:     v0.99 [0m
[0;32mI (237) cpu_start: Chip rev:         v0.1[0m
[0;32mI (242) heap_init: Initializing. RAM available for dynamic allocation:[0m
[0;32mI (249) heap_init: At 3FC95358 len 000543B8 (336 KiB): DRAM[0m
[0;32mI (255) heap_init: At 3FCE9710 len 00005724 (21 KiB): STACK/DRAM[0m
[0;32mI (262) heap_init: At 3FCF0000 len 00008000 (32 KiB): DRAM[0m
[0;32mI (268) heap_init: At 600FE010 len 00001FD8 (7 KiB): RTCRAM[0m
[0;32mI (275) spi_flash: detected chip: generic[0m
[0;32mI (279) spi_flash: flash io: dio[0m
[0;33mW (283) spi_flash: Detected size(8192k) larger than the size in the binary image header(2048k). Using the size in the binary image header.[0m
[0;32mI (296) sleep: Configure to isolate all GPIO pins in sleep state[0m
[0;32mI (303) sleep: Enable automatic switching of GPIO sleep configuration[0m
[0;32mI (310) app_start: Starting scheduler on CPU0[0m
[0;32mI (315) app_start: Starting scheduler on CPU1[0m
[0;32mI (315) main_task: Started on CPU0[0m
[0;32mI (325) main_task: Calling app_main()[0m
[0;32mI (325) DAEMON: Installing USB Host Library[0m
[0;32mI (365) CLASS: Registering Client[0m
[0;32mI (8975) CLASS: Opening device at address 1[0m
[0;32mI (8975) CLASS: Getting device information[0m
[0;32mI (8975) CLASS: 	Full speed[0m
[0;32mI (8975) CLASS: 	bConfigurationValue 1[0m
[0;32mI (8975) CLASS: Getting device descriptor[0m
*** Device descriptor ***
bLength 18
bDescriptorType 1
bcdUSB 2.00
bDeviceClass 0x9
bDeviceSubClass 0x0
bDeviceProtocol 0x0
bMaxPacketSize0 64
idVendor 0x1a40
idProduct 0x101
bcdDevice 1.00
iManufacturer 0
iProduct 1
iSerialNumber 0
bNumConfigurations 1
[0;32mI (9005) CLASS: Getting config descriptor[0m
*** Configuration descriptor ***
bLength 9
bDescriptorType 2
wTotalLength 25
bNumInterfaces 1
bConfigurationValue 1
iConfiguration 0
bmAttributes 0xe0
bMaxPower 100mA
	*** Interface descriptor ***
	bLength 9
	bDescriptorType 4
	bInterfaceNumber 0
	bAlternateSetting 0
	bNumEndpoints 1
	bInterfaceClass 0x9
	bInterfaceSubClass 0x0
	bInterfaceProtocol 0x0
	iInterface 0
		*** Endpoint descriptor ***
		bLength 7
		bDescriptorType 5
		bEndpointAddress 0x81	EP 1 IN
		bmAttributes 0x3	INT
		wMaxPacketSize 1
		bInterval 255
[0;32mI (9055) CLASS: Getting Product string descriptor[0m
USB2.0 HUB
[0;32mI (9065) ADSB: Doing ADSB Things[0m
ESP_ERROR_CHECK failed: esp_err_t 0x105 (ESP_ERR_NOT_FOUND) at 0x420089ac
file: "./main/class_driver.c" line 191
func: action_get_str_desc
expression: usb_host_interface_claim(driver_obj->client_hdl, driver_obj->dev_hdl, 1, 0)

abort() was called at PC 0x40379b73 on core 0


Backtrace: 0x403758ea:0x3fc9c640 0x40379b7d:0x3fc9c660 0x4037fe56:0x3fc9c680 0x40379b73:0x3fc9c6f0 0x420089ac:0x3fc9c720 0x42008a6e:0x3fc9c760 0x4037c299:0x3fc9c7a0




ELF file SHA256: 8f874c879

Rebooting...
ï¿½ï¿½ï¿½ESP-ROM:esp32s3-20210327
Build:Mar 27 2021
rst:0xc (RTC_SW_CPU_RST),boot:0x8 (SPI_FAST_FLASH_BOOT)
Saved PC:0x403757fc
SPIWP:0xee
mode:DIO, clock div:1
load:0x3fce3820,len:0x1718
load:0x403c9700,len:0x4
load:0x403c9704,len:0xc20
load:0x403cc700,len:0x2f20
entry 0x403c9910
[0;32mI (31) boot: ESP-IDF v5.2-dev-2164-g3befd5fff7 2nd stage bootloader[0m
[0;32mI (31) boot: compile time Aug 17 2023 12:14:45[0m
[0;32mI (32) boot: Multicore bootloader[0m
[0;32mI (36) boot: chip revision: v0.1[0m
[0;32mI (40) boot.esp32s3: Boot SPI Speed : 80MHz[0m
[0;32mI (45) boot.esp32s3: SPI Mode       : DIO[0m
[0;32mI (49) boot.esp32s3: SPI Flash Size : 2MB[0m
[0;32mI (54) boot: Enabling RNG early entropy source...[0m
[0;32mI (60) boot: Partition Table:[0m
[0;32mI (63) boot: ## Label            Usage          Type ST Offset   Length[0m
[0;32mI (70) boot:  0 nvs              WiFi data        01 02 00009000 00006000[0m
[0;32mI (78) boot:  1 phy_init         RF data          01 01 0000f000 00001000[0m
[0;32mI (85) boot:  2 factory          factory app      00 00 00010000 00100000[0m
[0;32mI (93) boot: End of partition table[0m
[0;32mI (97) esp_image: segment 0: paddr=00010020 vaddr=3c030020 size=0dfb0h ( 57264) map[0m
[0;32mI (116) esp_image: segment 1: paddr=0001dfd8 vaddr=3fc92200 size=02040h (  8256) load[0m
[0;32mI (118) esp_image: segment 2: paddr=00020020 vaddr=42000020 size=20004h (131076) map[0m
[0;32mI (146) esp_image: segment 3: paddr=0004002c vaddr=3fc94240 size=00898h (  2200) load[0m
[0;32mI (147) esp_image: segment 4: paddr=000408cc vaddr=40374000 size=0e1e0h ( 57824) load[0m
[0;32mI (170) boot: Loaded app from partition at offset 0x10000[0m
[0;32mI (170) boot: Disabling RNG early entropy source...[0m
[0;32mI (182) cpu_start: Multicore app[0m
[0;32mI (182) cpu_start: Pro cpu up.[0m
[0;32mI (182) cpu_start: Starting app cpu, entry point is 0x40375208[0m
[0;32mI (161) cpu_start: App cpu up.[0m
[0;32mI (201) cpu_start: Pro cpu start user code[0m
[0;32mI (201) cpu_start: cpu freq: 160000000 Hz[0m
[0;32mI (201) cpu_start: Application information:[0m
[0;32mI (204) cpu_start: Project name:     usb_host_lib_example[0m
[0;32mI (210) cpu_start: App version:      1[0m
[0;32mI (214) cpu_start: Compile time:     Aug 17 2023 12:14:37[0m
[0;32mI (220) cpu_start: ELF file SHA256:  8f874c879...[0m
[0;32mI (226) cpu_start: ESP-IDF:          v5.2-dev-2164-g3befd5fff7[0m
[0;32mI (232) cpu_start: Min chip rev:     v0.0[0m
[0;32mI (237) cpu_start: Max chip rev:     v0.99 [0m
[0;32mI (242) cpu_start: Chip rev:         v0.1[0m
[0;32mI (246) heap_init: Initializing. RAM available for dynamic allocation:[0m
[0;32mI (254) heap_init: At 3FC95358 len 000543B8 (336 KiB): DRAM[0m
[0;32mI (260) heap_init: At 3FCE9710 len 00005724 (21 KiB): STACK/DRAM[0m
[0;32mI (266) heap_init: At 3FCF0000 len 00008000 (32 KiB): DRAM[0m
[0;32mI (273) heap_init: At 600FE010 len 00001FD8 (7 KiB): RTCRAM[0m
[0;32mI (280) spi_flash: detected chip: generic[0m
[0;32mI (284) spi_flash: flash io: dio[0m
[0;33mW (287) spi_flash: Detected size(8192k) larger than the size in the binary image header(2048k). Using the size in the binary image header.[0m
[0;32mI (301) sleep: Configure to isolate all GPIO pins in sleep state[0m
[0;32mI (308) sleep: Enable automatic switching of GPIO sleep configuration[0m
[0;32mI (315) app_start: Starting scheduler on CPU0[0m
[0;32mI (320) app_start: Starting scheduler on CPU1[0m
[0;32mI (320) main_task: Started on CPU0[0m
[0;32mI (330) main_task: Calling app_main()[0m
[0;32mI (330) DAEMON: Installing USB Host Library[0m
[0;32mI (370) CLASS: Registering Client[0m
[0;32mI (850) CLASS: Opening device at address 1[0m
[0;32mI (850) CLASS: Getting device information[0m
[0;32mI (850) CLASS: 	Full speed[0m
[0;32mI (850) CLASS: 	bConfigurationValue 1[0m
[0;32mI (850) CLASS: Getting device descriptor[0m
*** Device descriptor ***
bLength 18
bDescriptorType 1
bcdUSB 2.00
bDeviceClass 0x9
bDeviceSubClass 0x0
bDeviceProtocol 0x0
bMaxPacketSize0 64
idVendor 0x1a40
idProduct 0x101
bcdDevice 1.00
iManufacturer 0
iProduct 1
iSerialNumber 0
bNumConfigurations 1
[0;32mI (880) CLASS: Getting config descriptor[0m
*** Configuration descriptor ***
bLength 9
bDescriptorType 2
wTotalLength 25
bNumInterfaces 1
bConfigurationValue 1
iConfiguration 0
bmAttributes 0xe0
bMaxPower 100mA
	*** Interface descriptor ***
	bLength 9
	bDescriptorType 4
	bInterfaceNumber 0
	bAlternateSetting 0
	bNumEndpoints 1
	bInterfaceClass 0x9
	bInterfaceSubClass 0x0
	bInterfaceProtocol 0x0
	iInterface 0
		*** Endpoint descriptor ***
		bLength 7
		bDescriptorType 5
		bEndpointAddress 0x81	EP 1 IN
		bmAttributes 0x3	INT
		wMaxPacketSize 1
		bInterval 255
[0;32mI (930) CLASS: Getting Product string descriptor[0m
USB2.0 HUB
[0;32mI (940) ADSB: Doing ADSB Things[0m
ESP_ERROR_CHECK failed: esp_err_t 0x105 (ESP_ERR_NOT_FOUND) at 0x420089ac
file: "./main/class_driver.c" line 191
func: action_get_str_desc
expression: usb_host_interface_claim(driver_obj->client_hdl, driver_obj->dev_hdl, 1, 0)

abort() was called at PC 0x40379b73 on core 0


Backtrace: 0x403758ea:0x3fc9c640 0x40379b7d:0x3fc9c660 0x4037fe56:0x3fc9c680 0x40379b73:0x3fc9c6f0 0x420089ac:0x3fc9c720 0x42008a6e:0x3fc9c760 0x4037c299:0x3fc9c7a0




ELF file SHA256: 8f874c879

Rebooting...
ï¿½ï¿½ï¿½ESP-ROM:esp32s3-20210327
Build:Mar 27 2021
rst:0xc (RTC_SW_CPU_RST),boot:0x8 (SPI_FAST_FLASH_BOOT)
Saved PC:0x403757fc
SPIWP:0xee
mode:DIO, clock div:1
load:0x3fce3820,len:0x1718
load:0x403c9700,len:0x4
load:0x403c9704,len:0xc20
load:0x403cc700,len:0x2f20
entry 0x403c9910
[0;32mI (31) boot: ESP-IDF v5.2-dev-2164-g3befd5fff7 2nd stage bootloader[0m
[0;32mI (31) boot: compile time Aug 17 2023 12:14:45[0m
[0;32mI (32) boot: Multicore bootloader[0m
[0;32mI (36) boot: chip revision: v0.1[0m
[0;32mI (40) boot.esp32s3: Boot SPI Speed : 80MHz[0m
[0;32mI (45) boot.esp32s3: SPI Mode       : DIO[0m
[0;32mI (49) boot.esp32s3: SPI Flash Size : 2MB[0m
[0;32mI (54) boot: Enabling RNG early entropy source...[0m
[0;32mI (60) boot: Partition Table:[0m
[0;32mI (63) boot: ## Label            Usage          Type ST Offset   Length[0m
[0;32mI (70) boot:  0 nvs              WiFi data        01 02 00009000 00006000[0m
[0;32mI (78) boot:  1 phy_init         RF data          01 01 0000f000 00001000[0m
[0;32mI (85) boot:  2 factory          factory app      00 00 00010000 00100000[0m
[0;32mI (93) boot: End of partition table[0m
[0;32mI (97) esp_image: segment 0: paddr=00010020 vaddr=3c030020 size=0dfb0h ( 57264) map[0m
[0;32mI (116) esp_image: segment 1: paddr=0001dfd8 vaddr=3fc92200 size=02040h (  8256) load[0m
[0;32mI (118) esp_image: segment 2: paddr=00020020 vaddr=42000020 size=20004h (131076) map[0m
[0;32mI (146) esp_image: segment 3: paddr=0004002c vaddr=3fc94240 size=00898h (  2200) load[0m
[0;32mI (147) esp_image: segment 4: paddr=000408cc vaddr=40374000 size=0e1e0h ( 57824) load[0m
[0;32mI (170) boot: Loaded app from partition at offset 0x10000[0m
[0;32mI (170) boot: Disabling RNG early entropy source...[0m
[0;32mI (182) cpu_start: Multicore app[0m
[0;32mI (182) cpu_start: Pro cpu up.[0m
[0;32mI (182) cpu_start: Starting app cpu, entry point is 0x40375208[0m
[0;32mI (161) cpu_start: App cpu up.[0m
[0;32mI (201) cpu_start: Pro cpu start user code[0m
[0;32mI (201) cpu_start: cpu freq: 160000000 Hz[0m
[0;32mI (201) cpu_start: Application information:[0m
[0;32mI (204) cpu_start: Project name:     usb_host_lib_example[0m
[0;32mI (210) cpu_start: App version:      1[0m
[0;32mI (214) cpu_start: Compile time:     Aug 17 2023 12:14:37[0m
[0;32mI (220) cpu_start: ELF file SHA256:  8f874c879...[0m
[0;32mI (226) cpu_start: ESP-IDF:          v5.2-dev-2164-g3befd5fff7[0m
[0;32mI (232) cpu_start: Min chip rev:     v0.0[0m
[0;32mI (237) cpu_start: Max chip rev:     v0.99 [0m
[0;32mI (242) cpu_start: Chip rev:         v0.1[0m
[0;32mI (246) heap_init: Initializing. RAM available for dynamic allocation:[0m
[0;32mI (254) heap_init: At 3FC95358 len 000543B8 (336 KiB): DRAM[0m
[0;32mI (260) heap_init: At 3FCE9710 len 00005724 (21 KiB): STACK/DRAM[0m
[0;32mI (266) heap_init: At 3FCF0000 len 00008000 (32 KiB): DRAM[0m
[0;32mI (273) heap_init: At 600FE010 len 00001FD8 (7 KiB): RTCRAM[0m
[0;32mI (280) spi_flash: detected chip: generic[0m
[0;32mI (284) spi_flash: flash io: dio[0m
[0;33mW (287) spi_flash: Detected size(8192k) larger than the size in the binary image header(2048k). Using the size in the binary image header.[0m
[0;32mI (301) sleep: Configure to isolate all GPIO pins in sleep state[0m
[0;32mI (308) sleep: Enable automatic switching of GPIO sleep configuration[0m
[0;32mI (315) app_start: Starting scheduler on CPU0[0m
[0;32mI (320) app_start: Starting scheduler on CPU1[0m
[0;32mI (320) main_task: Started on CPU0[0m
[0;32mI (330) main_task: Calling app_main()[0m
[0;32mI (330) DAEMON: Installing USB Host Library[0m
[0;32mI (370) CLASS: Registering Client[0m
[0;32mI (850) CLASS: Opening device at address 1[0m
[0;32mI (850) CLASS: Getting device information[0m
[0;32mI (850) CLASS: 	Full speed[0m
[0;32mI (850) CLASS: 	bConfigurationValue 1[0m
[0;32mI (850) CLASS: Getting device descriptor[0m
*** Device descriptor ***
bLength 18
bDescriptorType 1
bcdUSB 2.00
bDeviceClass 0x9
bDeviceSubClass 0x0
bDeviceProtocol 0x0
bMaxPacketSize0 64
idVendor 0x1a40
idProduct 0x101
bcdDevice 1.00
iManufacturer 0
iProduct 1
iSerialNumber 0
bNumConfigurations 1
[0;32mI (880) CLASS: Getting config descriptor[0m
*** Configuration descriptor ***
bLength 9
bDescriptorType 2
wTotalLength 25
bNumInterfaces 1
bConfigurationValue 1
iConfiguration 0
bmAttributes 0xe0
bMaxPower 100mA
	*** Interface descriptor ***
	bLength 9
	bDescriptorType 4
	bInterfaceNumber 0
	bAlternateSetting 0
	bNumEndpoints 1
	bInterfaceClass 0x9
	bInterfaceSubClass 0x0
	bInterfaceProtocol 0x0
	iInterface 0
		*** Endpoint descriptor ***
		bLength 7
		bDescriptorType 5
		bEndpointAddress 0x81	EP 1 IN
		bmAttributes 0x3	INT
		wMaxPacketSize 1
		bInterval 255
[0;32mI (930) CLASS: Getting Product string descriptor[0m
USB2.0 HUB
[0;32mI (940) ADSB: Doing ADSB Things[0m
ESP_ERROR_CHECK failed: esp_err_t 0x105 (ESP_ERR_NOT_FOUND) at 0x420089ac
file: "./main/class_driver.c" line 191
func: action_get_str_desc
expression: usb_host_interface_claim(driver_obj->client_hdl, driver_obj->dev_hdl, 1, 0)

abort() was called at PC 0x40379b73 on core 0


Backtrace: 0x403758ea:0x3fc9c640 0x40379b7d:0x3fc9c660 0x4037fe56:0x3fc9c680 0x40379b73:0x3fc9c6f0 0x420089ac:0x3fc9c720 0x42008a6e:0x3fc9c760 0x4037c299:0x3fc9c7a0




ELF file SHA256: 8f874c879

Rebooting...
ï¿½ï¿½ï¿½ESP-ROM:esp32s3-20210327
Build:Mar 27 2021
rst:0xc (RTC_SW_CPU_RST),boot:0x8 (SPI_FAST_FLASH_BOOT)
Saved PC:0x403757fc
SPIWP:0xee
mode:DIO, clock div:1
load:0x3fce3820,len:0x1718
load:0x403c9700,len:0x4
load:0x403c9704,len:0xc20
load:0x403cc700,len:0x2f20
entry 0x403c9910
[0;32mI (31) boot: ESP-IDF v5.2-dev-2164-g3befd5fff7 2nd stage bootloader[0m
[0;32mI (31) boot: compile time Aug 17 2023 12:14:45[0m
[0;32mI (32) boot: Multicore bootloader[0m
[0;32mI (36) boot: chip revision: v0.1[0m
[0;32mI (40) boot.esp32s3: Boot SPI Speed : 80MHz[0m
[0;32mI (45) boot.esp32s3: SPI Mode       : DIO[0m
[0;32mI (49) boot.esp32s3: SPI Flash Size : 2MB[0m
[0;32mI (54) boot: Enabling RNG early entropy source...[0m
[0;32mI (60) boot: Partition Table:[0m
[0;32mI (63) boot: ## Label            Usage          Type ST Offset   Length[0m
[0;32mI (70) boot:  0 nvs              WiFi data        01 02 00009000 00006000[0m
[0;32mI (78) boot:  1 phy_init         RF data          01 01 0000f000 00001000[0m
[0;32mI (85) boot:  2 factory          factory app      00 00 00010000 00100000[0m
[0;32mI (93) boot: End of partition table[0m
[0;32mI (97) esp_image: segment 0: paddr=00010020 vaddr=3c030020 size=0dfb0h ( 57264) map[0m
[0;32mI (116) esp_image: segment 1: paddr=0001dfd8 vaddr=3fc92200 size=02040h (  8256) load[0m
[0;32mI (118) esp_image: segment 2: paddr=00020020 vaddr=42000020 size=20004h (131076) map[0m
[0;32mI (146) esp_image: segment 3: paddr=0004002c vaddr=3fc94240 size=00898h (  2200) load[0m
[0;32mI (147) esp_image: segment 4: paddr=000408cc vaddr=40374000 size=0e1e0h ( 57824) load[0m
[0;32mI (170) boot: Loaded app from partition at offset 0x10000[0m
[0;32mI (170) boot: Disabling RNG early entropy source...[0m
[0;32mI (182) cpu_start: Multicore app[0m
[0;32mI (182) cpu_start: Pro cpu up.[0m
[0;32mI (182) cpu_start: Starting app cpu, entry point is 0x40375208[0m
[0;32mI (161) cpu_start: App cpu up.[0m
[0;32mI (201) cpu_start: Pro cpu start user code[0m
[0;32mI (201) cpu_start: cpu freq: 160000000 Hz[0m
[0;32mI (201) cpu_start: Application information:[0m
[0;32mI (204) cpu_start: Project name:     usb_host_lib_example[0m
[0;32mI (210) cpu_start: App version:      1[0m
[0;32mI (214) cpu_start: Compile time:     Aug 17 2023 12:14:37[0m
[0;32mI (220) cpu_start: ELF file SHA256:  8f874c879...[0m
[0;32mI (226) cpu_start: ESP-IDF:          v5.2-dev-2164-g3befd5fff7[0m
[0;32mI (232) cpu_start: Min chip rev:     v0.0[0m
[0;32mI (237) cpu_start: Max chip rev:     v0.99 [0m
[0;32mI (242) cpu_start: Chip rev:         v0.1[0m
[0;32mI (246) heap_init: Initializing. RAM available for dynamic allocation:[0m
[0;32mI (254) heap_init: At 3FC95358 len 000543B8 (336 KiB): DRAM[0m
[0;32mI (260) heap_init: At 3FCE9710 len 00005724 (21 KiB): STACK/DRAM[0m
[0;32mI (266) heap_init: At 3FCF0000 len 00008000 (32 KiB): DRAM[0m
[0;32mI (273) heap_init: At 600FE010 len 00001FD8 (7 KiB): RTCRAM[0m
[0;32mI (280) spi_flash: detected chip: generic[0m
[0;32mI (284) spi_flash: flash io: dio[0m
[0;33mW (287) spi_flash: Detected size(8192k) larger than the size in the binary image header(2048k). Using the size in the binary image header.[0m
[0;32mI (301) sleep: Configure to isolate all GPIO pins in sleep state[0m
[0;32mI (308) sleep: Enable automatic switching of GPIO sleep configuration[0m
[0;32mI (315) app_start: Starting scheduler on CPU0[0m
[0;32mI (320) app_start: Starting scheduler on CPU1[0m
[0;32mI (320) main_task: Started on CPU0[0m
[0;32mI (330) main_task: Calling app_main()[0m
[0;32mI (330) DAEMON: Installing USB Host Library[0m
[0;32mI (370) CLASS: Registering Client[0m
[0;32mI (850) CLASS: Opening device at address 1[0m
[0;32mI (850) CLASS: Getting device information[0m
[0;32mI (850) CLASS: 	Full speed[0m
[0;32mI (850) CLASS: 	bConfigurationValue 1[0m
[0;32mI (850) CLASS: Getting device descriptor[0m
*** Device descriptor ***
bLength 18
bDescriptorType 1
bcdUSB 2.00
bDeviceClass 0x9
bDeviceSubClass 0x0
bDeviceProtocol 0x0
bMaxPacketSize0 64
idVendor 0x1a40
idProduct 0x101
bcdDevice 1.00
iManufacturer 0
iProduct 1
iSerialNumber 0
bNumConfigurations 1
[0;32mI (880) CLASS: Getting config descriptor[0m
*** Configuration descriptor ***
bLength 9
bDescriptorType 2
wTotalLength 25
bNumInterfaces 1
bConfigurationValue 1
iConfiguration 0
bmAttributes 0xe0
bMaxPower 100mA
	*** Interface descriptor ***
	bLength 9
	bDescriptorType 4
	bInterfaceNumber 0
	bAlternateSetting 0
	bNumEndpoints 1
	bInterfaceClass 0x9
	bInterfaceSubClass 0x0
	bInterfaceProtocol 0x0
	iInterface 0
		*** Endpoint descriptor ***
		bLength 7
		bDescriptorType 5
		bEndpointAddress 0x81	EP 1 IN
		bmAttributes 0x3	INT
		wMaxPacketSize 1
		bInterval 255
[0;32mI (930) CLASS: Getting Product string descriptor[0m
USB2.0 HUB
[0;32mI (940) ADSB: Doing ADSB Things[0m
ESP_ERROR_CHECK failed: esp_err_t 0x105 (ESP_ERR_NOT_FOUND) at 0x420089ac
file: "./main/class_driver.c" line 191
func: action_get_str_desc
expression: usb_host_interface_claim(driver_obj->client_hdl, driver_obj->dev_hdl, 1, 0)

abort() was called at PC 0x40379b73 on core 0


Backtrace: 0x403758ea:0x3fc9c640 0x40379b7d:0x3fc9c660 0x4037fe56:0x3fc9c680 0x40379b73:0x3fc9c6f0 0x420089ac:0x3fc9c720 0x42008a6e:0x3fc9c760 0x4037c299:0x3fc9c7a0




ELF file SHA256: 8f874c879

Rebooting...
ï¿½ï¿½ï¿½ESP-ROM:esp32s3-20210327
Build:Mar 27 2021
rst:0xc (RTC_SW_CPU_RST),boot:0x8 (SPI_FAST_FLASH_BOOT)
Saved PC:0x403757fc
SPIWP:0xee
mode:DIO, clock div:1
load:0x3fce3820,len:0x1718
load:0x403c9700,len:0x4
load:0x403c9704,len:0xc20
load:0x403cc700,len:0x2f20
entry 0x403c9910
[0;32mI (31) boot: ESP-IDF v5.2-dev-2164-g3befd5fff7 2nd stage bootloader[0m
[0;32mI (31) boot: compile time Aug 17 2023 12:14:45[0m
[0;32mI (32) boot: Multicore bootloader[0m
[0;32mI (36) boot: chip revision: v0.1[0m
[0;32mI (40) boot.esp32s3: Boot SPI Speed : 80MHz[0m
[0;32mI (45) boot.esp32s3: SPI Mode       : DIO[0m
[0;32mI (49) boot.esp32s3: SPI Flash Size : 2MB[0m
[0;32mI (54) boot: Enabling RNG early entropy source...[0m
[0;32mI (60) boot: Partition Table:[0m
[0;32mI (63) boot: ## Label            Usage          Type ST Offset   Length[0m
[0;32mI (70) boot:  0 nvs              WiFi data        01 02 00009000 00006000[0m
[0;32mI (78) boot:  1 phy_init         RF data          01 01 0000f000 00001000[0m
[0;32mI (85) boot:  2 factory          factory app      00 00 00010000 00100000[0m
[0;32mI (93) boot: End of partition table[0m
[0;32mI (97) esp_image: segment 0: paddr=00010020 vaddr=3c030020 size=0dfb0h ( 57264) map[0m
[0;32mI (116) esp_image: segment 1: paddr=0001dfd8 vaddr=3fc92200 size=02040h (  8256) load[0m
[0;32mI (118) esp_image: segment 2: paddr=00020020 vaddr=42000020 size=20004h (131076) map[0m
[0;32mI (146) esp_image: segment 3: paddr=0004002c vaddr=3fc94240 size=00898h (  2200) load[0m
[0;32mI (147) esp_image: segment 4: paddr=000408cc vaddr=40374000 size=0e1e0h ( 57824) load[0m
[0;32mI (170) boot: Loaded app from partition at offset 0x10000[0m
[0;32mI (170) boot: Disabling RNG early entropy source...[0m
[0;32mI (182) cpu_start: Multicore app[0m
[0;32mI (182) cpu_start: Pro cpu up.[0m
[0;32mI (182) cpu_start: Starting app cpu, entry point is 0x40375208[0m
[0;32mI (161) cpu_start: App cpu up.[0m
[0;32mI (201) cpu_start: Pro cpu start user code[0m
[0;32mI (201) cpu_start: cpu freq: 160000000 Hz[0m
[0;32mI (201) cpu_start: Application information:[0m
[0;32mI (204) cpu_start: Project name:     usb_host_lib_example[0m
[0;32mI (210) cpu_start: App version:      1[0m
[0;32mI (214) cpu_start: Compile time:     Aug 17 2023 12:14:37[0m
[0;32mI (220) cpu_start: ELF file SHA256:  8f874c879...[0m
[0;32mI (226) cpu_start: ESP-IDF:          v5.2-dev-2164-g3befd5fff7[0m
[0;32mI (232) cpu_start: Min chip rev:     v0.0[0m
[0;32mI (237) cpu_start: Max chip rev:     v0.99 [0m
[0;32mI (242) cpu_start: Chip rev:         v0.1[0m
[0;32mI (246) heap_init: Initializing. RAM available for dynamic allocation:[0m
[0;32mI (254) heap_init: At 3FC95358 len 000543B8 (336 KiB): DRAM[0m
[0;32mI (260) heap_init: At 3FCE9710 len 00005724 (21 KiB): STACK/DRAM[0m
[0;32mI (266) heap_init: At 3FCF0000 len 00008000 (32 KiB): DRAM[0m
[0;32mI (273) heap_init: At 600FE010 len 00001FD8 (7 KiB): RTCRAM[0m
[0;32mI (280) spi_flash: detected chip: generic[0m
[0;32mI (284) spi_flash: flash io: dio[0m
[0;33mW (287) spi_flash: Detected size(8192k) larger than the size in the binary image header(2048k). Using the size in the binary image header.[0m
[0;32mI (301) sleep: Configure to isolate all GPIO pins in sleep state[0m
[0;32mI (308) sleep: Enable automatic switching of GPIO sleep configuration[0m
[0;32mI (315) app_start: Starting scheduler on CPU0[0m
[0;32mI (320) app_start: Starting scheduler on CPU1[0m
[0;32mI (320) main_task: Started on CPU0[0m
[0;32mI (330) main_task: Calling app_main()[0m
[0;32mI (330) DAEMON: Installing USB Host Library[0m
[0;32mI (370) CLASS: Registering Client[0m
[0;31mE (720) HUB: Root port reset failed[0m
