ESP-ROM:esp32s3-20210327
Build:Mar 27 2021
rst:0x1 (POWERON),boot:0x8 (SPI_FAST_FLASH_BOOT)
SPIWP:0xee
mode:DIO, clock div:1
load:0x3fce3810,len:0x1718
load:0x403c9700,len:0x4
load:0x403c9704,len:0xc20
load:0x403cc700,len:0x2f38
SHA-256 comparison failed:
Calculated: 30c812b88cc6ca74cc2a44f1995f2e93ed2c1b8e7e16d264753f1e9622516e30
Expected: ffffffffffffffffffffffffffffffffffffffffffffffffffffffffffffffff
Attempting to boot anyway...
entry 0x403c9910
[0;32mI (45) boot: ESP-IDF v5.2-dev-2368-g52bca70b1a-dirty 2nd stage bootloader[0m
[0;32mI (45) boot: compile time Aug 23 2023 16:49:51[0m
[0;32mI (46) boot: Multicore bootloader[0m
[0;32mI (51) boot: chip revision: v0.1[0m
[0;32mI (54) boot.esp32s3: Boot SPI Speed : 80MHz[0m
[0;32mI (59) boot.esp32s3: SPI Mode       : DIO[0m
[0;32mI (64) boot.esp32s3: SPI Flash Size : 8MB[0m
[0;32mI (69) boot: Enabling RNG early entropy source...[0m
[0;32mI (74) boot: Partition Table:[0m
[0;32mI (78) boot: ## Label            Usage          Type ST Offset   Length[0m
[0;32mI (85) boot:  0 nvs              WiFi data        01 02 00009000 00006000[0m
[0;32mI (92) boot:  1 phy_init         RF data          01 01 0000f000 00001000[0m
[0;32mI (100) boot:  2 factory          factory app      00 00 00010000 00100000[0m
[0;32mI (107) boot: End of partition table[0m
[0;32mI (112) esp_image: segment 0: paddr=00010020 vaddr=3c030020 size=0efc0h ( 61376) map[0m
[0;32mI (127) esp_image: segment 1: paddr=0001efe8 vaddr=3fc92300 size=01030h (  4144) load[0m
[0;32mI (129) esp_image: segment 2: paddr=00020020 vaddr=42000020 size=24384h (148356) map[0m
[0;32mI (154) esp_image: segment 3: paddr=000443ac vaddr=3fc93330 size=01a28h (  6696) load[0m
[0;32mI (155) esp_image: segment 4: paddr=00045ddc vaddr=40374000 size=0e218h ( 57880) load[0m
[0;32mI (174) boot: Loaded app from partition at offset 0x10000[0m
[0;32mI (174) boot: Disabling RNG early entropy source...[0m
[0;32mI (186) cpu_start: Multicore app[0m
[0;32mI (186) cpu_start: Pro cpu up.[0m
[0;32mI (186) cpu_start: Starting app cpu, entry point is 0x40375208[0m
[0;32mI (0) cpu_start: App cpu up.[0m
[0;32mI (204) cpu_start: Pro cpu start user code[0m
[0;32mI (204) cpu_start: cpu freq: 240000000 Hz[0m
[0;32mI (204) cpu_start: Application information:[0m
[0;32mI (207) cpu_start: Project name:     usb_host_lib_example[0m
[0;32mI (213) cpu_start: App version:      1[0m
[0;32mI (218) cpu_start: Compile time:     Aug 23 2023 16:49:49[0m
[0;32mI (224) cpu_start: ELF file SHA256:  20517cb11...[0m
[0;32mI (229) cpu_start: ESP-IDF:          v5.2-dev-2368-g52bca70b1a-dirty[0m
[0;32mI (236) cpu_start: Min chip rev:     v0.0[0m
[0;32mI (241) cpu_start: Max chip rev:     v0.99 [0m
[0;32mI (246) cpu_start: Chip rev:         v0.1[0m
[0;32mI (251) heap_init: Initializing. RAM available for dynamic allocation:[0m
[0;32mI (258) heap_init: At 3FC955E0 len 00054130 (336 KiB): DRAM[0m
[0;32mI (264) heap_init: At 3FCE9710 len 00005724 (21 KiB): STACK/DRAM[0m
[0;32mI (271) heap_init: At 3FCF0000 len 00008000 (32 KiB): DRAM[0m
[0;32mI (277) heap_init: At 600FE010 len 00001FD8 (7 KiB): RTCRAM[0m
[0;32mI (284) spi_flash: detected chip: generic[0m
[0;32mI (288) spi_flash: flash io: dio[0m
[0;32mI (292) sleep: Configure to isolate all GPIO pins in sleep state[0m
[0;32mI (299) sleep: Enable automatic switching of GPIO sleep configuration[0m
[0;32mI (306) app_start: Starting scheduler on CPU0[0m
[0;32mI (311) app_start: Starting scheduler on CPU1[0m
[0;32mI (311) main_task: Started on CPU0[0m
[0;32mI (321) main_task: Calling app_main()[0m
[0;32mI (321) DAEMON: Installing USB Host Library[0m
[0;32mI (361) CLASS: Registering Client[0m
[0;32mI (861) ADSB: rtlsdr_write_reg here 1[0m
[0;32mI (861) ADSB: rtlsdr_write_reg here 1[0m
[0;32mI (861) ADSB: rtlsdr_write_reg here 2[0m
[0;32mI (861) ADSB: rtlsdr_write_reg here 2[0m
[0;32mI (871) ADSB: rtlsdr_write_reg here 1[0m
[0;32mI (871) ADSB: rtlsdr_write_reg here 1[0m
[0;32mI (1081) ADSB: rtl device number 105[0m
rtlsdr_i2c_read_reg R82XX_CHECK_ADDR setting done
Found Rafael Micro R820T tuner
[R82XX] PLL not locked!
Exact sample rate is: 2000000.052982 Hz
[R82XX] PLL not locked!
Sampling at 2000000 S/s.
[R82XX] PLL not locked!
Tuned to 1090000000 Hz.
Tuner gain set to automatic.
[0;32mI (1401) ADSB: rtlsdr_write_reg here 2[0m
[0;32mI (1401) ADSB: rtlsdr_write_reg here 2[0m
[0;32mI (2401) CLASS: [APP] Free memory: 372296 bytes[0m
[0;32mI (2401) ADSB: esp_libusb_bulk_transfer info 129 1024 0 2[0m
[0;32mI (2401) ADSB: esp_libusb_bulk_transfer usb_host_transfer_alloc 1088[0m
usb_host_transfer_submit111 0
BULK: Transfer:Read type 1088
BULK: Transfer:Read status 5, actual number of bytes transferred 0, databuffer size 1088, 20
[0;32mI (2421) CLASS: [APP] Free memory: 371204 bytes[0m
F455C93FF455C93F14BFB46092311BF259F2DE7431C5833C4C413DE38E5A15EF674FD947FE07EDF855932976863112973922440A4D376B54F9B9C810ADF9A0C97457A467D0870C968BB95D550FA62EC8C59F3160664C8B52E4CCE709E7DCBFF8D074744DF5B469079410CD38354379573800BD98F04D3B090F1D15F6DED5707D8896A7D5B403F196829905024884984878C2C5192F311DC6AEE02001DFE99DBD2FF4B10E508CB356FF0763BEF900E005C2984C0C3A278F43FF733BAF821F1B1A5CF0E80D166448480857108640959F03C9A3F18A1D3E9E0BF540E0F9F7B8BD721C9F2998F87FBC3BA68311105806CCEED7C84F74AEF50494BAE90FF286FC75C349E868D218F5B1AC2A4B4DBFF77143623E1EE97037BF410ED04F51DD803EF363DFE1CEEB8EF5C2358B0E490F294DC09E69F4099AF0918D7B0DA5FCFBD0BB73DCAA0EBF8B81104BE688F63D6BA960923E1BF98729ED6188C1905DB97BABFC564E99FD53C97ECFF5F7BE0C81E2D315AD70FA828879384189363545D861F66ED3A240A71B6063E5AF27520A88EA885F211F1451325A253F89F5C7DDDCAA760AC94328C6253B640E19A8914E462F87912499B1139D18BB69E2FFE0D6D2833BF3A1AD3E926387A19E1E449D471CD22921A5FF9D405E7FF2174F98F57A52F9A7C74EA91CC8D3926183AB6CCA682A57854DB119C14EF73E55EA055B2FCC4ACB0CA4A9326517EAD19588F3F5B7CD51F94A42DB2418AFECC463C10FD4F7E0F4D496723DB2532875DE64DEA1EA419D4899EFAC71D8045104A29FC76CAAF1425FFFE6A6C3AF6197E6C4DE4A1793653A2BCB0039329C310FAD592357236B1B2F7162CF13E6CE026EE44467AD32EDD0014F7F6DCF86833E02F67536B41E96A52717895B676F7BBFF6D07339D475A42E3EEAE46F22E1897C2BADA563FC0E7716A0DC7CCD8EDFAF5FDF67C620AA82635084EAE5D9601C7A17C736752A461888EB3DB548A1DEDEBC5925D8F6BA2899B14890CE0EA014116452A443562B24A8F7C34658A5FED7FC08B452EEC15885E90E2911022571798D0141A8C91B2E0B355B8E2BFE64BE689BBA867674C60090F152E8A8F64CE6779C189A6A5B1302FBD1DE0C263D4AFC02F1BDE3466250A612D489BD8B1E8738C0EC061831E9050A43EEA6F45136DC20C6C239C03B59756742167012E006CA168D5AF5E0B1FB8331F66D5E594AC5B2BE72E03F80E3B9B86820F2A10915B9FB5969F4C0216D49A50ABE45331296A14CDDAEBA67918727026E7B0266D80583A981328AFAFAD9C7BB223C5C7571DC8B9DD2D5FCE5AE05B903EEF3DB3CD8B69821EFE9144E392303F4D3A73C5057F762DA7FC98EEA76406EE2996B84B9303712C002A5470E1D260F011A6D2D3212A178D4E2FDB9A092F95BCA1B93C99BFC4197E080B68F8EEC9AD45934103E261B3D659F05EF6DEB[0;32mI (2591) ADSB: esp_libusb_bulk_transfer info 129 1024 0 1088[0m
[0;32mI (2611) ADSB: esp_libusb_bulk_transfer usb_host_transfer_alloc 1088[0m
usb_host_transfer_submit111 0
BULK: Transfer:Read type 1088
BULK: Transfer:Read status 7, actual number of bytes transferred 0, databuffer size 1088, 20
[0;32mI (2631) ADSB: esp_libusb_bulk_transfer failed[0m
[0;32mI (2631) CLASS: [APP] Free memory: 368940 bytes[0m
WARNING: sync read failed.
[0;32mI (2641) ADSB: Getting config descriptor[0m
*** Configuration descriptor ***
bLength 9
bDescriptorType 2
wTotalLength 34
bNumInterfaces 2
bConfigurationValue 1
iConfiguration 4
bmAttributes 0x80
bMaxPower 500mA
	*** Interface descriptor ***
	bLength 9
	bDescriptorType 4
	bInterfaceNumber 0
	bAlternateSetting 0
	bNumEndpoints 1
	bInterfaceClass 0xff
	bInterfaceSubClass 0xff
	bInterfaceProtocol 0xff
	iInterface 5
		*** Endpoint descriptor ***
		bLength 7
		bDescriptorType 5
		bEndpointAddress 0x81	EP 1 IN
		bmAttributes 0x2	BULK
		wMaxPacketSize 64
		bInterval 1
	*** Interface descriptor ***
	bLength 9
	bDescriptorType 4
	bInterfaceNumber 1
	bAlternateSetting 0
	bNumEndpoints 0
	bInterfaceClass 0xff
	bInterfaceSubClass 0xff
	bInterfaceProtocol 0xff
	iInterface 5
[0;31mE (2711) USBH: Device 1 gone[0m

abort() was called at PC 0x42012568 on core 0


Backtrace: 0x403758ea:0x3fc9b290 0x40379b7d:0x3fc9b2b0 0x4037fe8e:0x3fc9b2d0 0x42012568:0x3fc9b340 0x4201322a:0x3fc9b360 0x4200d6f8:0x3fc9b380 0x42008786:0x3fc9b3a0 0x4037c299:0x3fc9b3d0




ELF file SHA256: 20517cb11

Rebooting...
ESP-ROM:esp32s3-20210327
Build:Mar 27 2021
rst:0xc (RTC_SW_CPU_RST),boot:0x8 (SPI_FAST_FLASH_BOOT)
Saved PC:0x403757fc
SPIWP:0xee
mode:DIO, clock div:1
load:0x3fce3810,len:0x1718
load:0x403c9700,len:0x4
load:0x403c9704,len:0xc20
load:0x403cc700,len:0x2f38
SHA-256 comparison failed:
Calculated: 30c812b88cc6ca74cc2a44f1995f2e93ed2c1b8e7e16d264753f1e9622516e30
Expected: ffffffffffffffffffffffffffffffffffffffffffffffffffffffffffffffff
Attempting to boot anyway...
entry 0x403c9910
[0;32mI (50) boot: ESP-IDF v5.2-dev-2368-g52bca70b1a-dirty 2nd stage bootloader[0m
[0;32mI (50) boot: compile time Aug 23 2023 16:49:51[0m
[0;32mI (51) boot: Multicore bootloader[0m
[0;32mI (55) boot: chip revision: v0.1[0m
[0;32mI (59) boot.esp32s3: Boot SPI Speed : 80MHz[0m
[0;32mI (64) boot.esp32s3: SPI Mode       : DIO[0m
[0;32mI (68) boot.esp32s3: SPI Flash Size : 8MB[0m
[0;32mI (73) boot: Enabling RNG early entropy source...[0m
[0;32mI (78) boot: Partition Table:[0m
[0;32mI (82) boot: ## Label            Usage          Type ST Offset   Length[0m
[0;32mI (89) boot:  0 nvs              WiFi data        01 02 00009000 00006000[0m
[0;32mI (97) boot:  1 phy_init         RF data          01 01 0000f000 00001000[0m
[0;32mI (104) boot:  2 factory          factory app      00 00 00010000 00100000[0m
[0;32mI (112) boot: End of partition table[0m
[0;32mI (116) esp_image: segment 0: paddr=00010020 vaddr=3c030020 size=0efc0h ( 61376) map[0m
[0;32mI (131) esp_image: segment 1: paddr=0001efe8 vaddr=3fc92300 size=01030h (  4144) load[0m
[0;32mI (134) esp_image: segment 2: paddr=00020020 vaddr=42000020 size=24384h (148356) map[0m
[0;32mI (158) esp_image: segment 3: paddr=000443ac vaddr=3fc93330 size=01a28h (  6696) load[0m
[0;32mI (159) esp_image: segment 4: paddr=00045ddc vaddr=40374000 size=0e218h ( 57880) load[0m
[0;32mI (179) boot: Loaded app from partition at offset 0x10000[0m
[0;32mI (179) boot: Disabling RNG early entropy source...[0m
[0;32mI (190) cpu_start: Multicore app[0m
[0;32mI (190) cpu_start: Pro cpu up.[0m
[0;32mI (191) cpu_start: Starting app cpu, entry point is 0x40375208[0m
[0;32mI (156) cpu_start: App cpu up.[0m
[0;32mI (209) cpu_start: Pro cpu start user code[0m
[0;32mI (209) cpu_start: cpu freq: 240000000 Hz[0m
[0;32mI (209) cpu_start: Application information:[0m
[0;32mI (212) cpu_start: Project name:     usb_host_lib_example[0m
[0;32mI (218) cpu_start: App version:      1[0m
[0;32mI (222) cpu_start: Compile time:     Aug 23 2023 16:49:49[0m
[0;32mI (229) cpu_start: ELF file SHA256:  20517cb11...[0m
[0;32mI (234) cpu_start: ESP-IDF:          v5.2-dev-2368-g52bca70b1a-dirty[0m
[0;32mI (241) cpu_start: Min chip rev:     v0.0[0m
[0;32mI (246) cpu_start: Max chip rev:     v0.99 [0m
[0;32mI (250) cpu_start: Chip rev:         v0.1[0m
[0;32mI (255) heap_init: Initializing. RAM available for dynamic allocation:[0m
[0;32mI (262) heap_init: At 3FC955E0 len 00054130 (336 KiB): DRAM[0m
[0;32mI (269) heap_init: At 3FCE9710 len 00005724 (21 KiB): STACK/DRAM[0m
[0;32mI (275) heap_init: At 3FCF0000 len 00008000 (32 KiB): DRAM[0m
[0;32mI (281) heap_init: At 600FE010 len 00001FD8 (7 KiB): RTCRAM[0m
[0;32mI (289) spi_flash: detected chip: generic[0m
[0;32mI (292) spi_flash: flash io: dio[0m
[0;32mI (297) sleep: Configure to isolate all GPIO pins in sleep state[0m
[0;32mI (303) sleep: Enable automatic switching of GPIO sleep configuration[0m
[0;32mI (310) app_start: Starting scheduler on CPU0[0m
[0;32mI (315) app_start: Starting scheduler on CPU1[0m
[0;32mI (315) main_task: Started on CPU0[0m
[0;32mI (325) main_task: Calling app_main()[0m
[0;32mI (325) DAEMON: Installing USB Host Library[0m
ESP-ROM:esp32s3-20210327
Build:Mar 27 2021
rst:0x1 (POWERON),boot:0x8 (SPI_FAST_FLASH_BOOT)
SPIWP:0xee
mode:DIO, clock div:1
load:0x3fce3810,len:0x1718
load:0x403c9700,len:0x4
load:0x403c9704,len:0xc20
load:0x403cc700,len:0x2f38
SHA-256 comparison failed:
Calculated: 30c812b88cc6ca74cc2a44f1995f2e93ed2c1b8e7e16d264753f1e9622516e30
Expected: ffffffffffffffffffffffffffffffffffffffffffffffffffffffffffffffff
Attempting to boot anyway...
entry 0x403c9910
[0;32mI (45) boot: ESP-IDF v5.2-dev-2368-g52bca70b1a-dirty 2nd stage bootloader[0m
[0;32mI (45) boot: compile time Aug 23 2023 16:49:51[0m
[0;32mI (46) boot: Multicore bootloader[0m
[0;32mI (51) boot: chip revision: v0.1[0m
[0;32mI (54) boot.esp32s3: Boot SPI Speed : 80MHz[0m
[0;32mI (59) boot.esp32s3: SPI Mode       : DIO[0m
[0;32mI (64) boot.esp32s3: SPI Flash Size : 8MB[0m
[0;32mI (69) boot: Enabling RNG early entropy source...[0m
[0;32mI (74) boot: Partition Table:[0m
[0;32mI (78) boot: ## Label            Usage          Type ST Offset   Length[0m
[0;32mI (85) boot:  0 nvs              WiFi data        01 02 00009000 00006000[0m
[0;32mI (92) boot:  1 phy_init         RF data          01 01 0000f000 00001000[0m
[0;32mI (100) boot:  2 factory          factory app      00 00 00010000 00100000[0m
[0;32mI (107) boot: End of partition table[0m
[0;32mI (112) esp_image: segment 0: paddr=00010020 vaddr=3c030020 size=0efc0h ( 61376) map[0m
[0;32mI (127) esp_image: segment 1: paddr=0001efe8 vaddr=3fc92300 size=01030h (  4144) load[0m
[0;32mI (129) esp_image: segment 2: paddr=00020020 vaddr=42000020 size=24384h (148356) map[0m
[0;32mI (154) esp_image: segment 3: paddr=000443ac vaddr=3fc93330 size=01a28h (  6696) load[0m
[0;32mI (155) esp_image: segment 4: paddr=00045ddc vaddr=40374000 size=0e218h ( 57880) load[0m
[0;32mI (174) boot: Loaded app from partition at offset 0x10000[0m
[0;32mI (174) boot: Disabling RNG early entropy source...[0m
[0;32mI (186) cpu_start: Multicore app[0m
[0;32mI (186) cpu_start: Pro cpu up.[0m
[0;32mI (186) cpu_start: Starting app cpu, entry point is 0x40375208[0m
[0;32mI (0) cpu_start: App cpu up.[0m
[0;32mI (204) cpu_start: Pro cpu start user code[0m
[0;32mI (204) cpu_start: cpu freq: 240000000 Hz[0m
[0;32mI (204) cpu_start: Application information:[0m
[0;32mI (207) cpu_start: Project name:     usb_host_lib_example[0m
[0;32mI (213) cpu_start: App version:      1[0m
[0;32mI (218) cpu_start: Compile time:     Aug 23 2023 16:49:49[0m
[0;32mI (224) cpu_start: ELF file SHA256:  20517cb11...[0m
[0;32mI (229) cpu_start: ESP-IDF:          v5.2-dev-2368-g52bca70b1a-dirty[0m
[0;32mI (236) cpu_start: Min chip rev:     v0.0[0m
[0;32mI (241) cpu_start: Max chip rev:     v0.99 [0m
[0;32mI (246) cpu_start: Chip rev:         v0.1[0m
[0;32mI (251) heap_init: Initializing. RAM available for dynamic allocation:[0m
[0;32mI (258) heap_init: At 3FC955E0 len 00054130 (336 KiB): DRAM[0m
[0;32mI (264) heap_init: At 3FCE9710 len 00005724 (21 KiB): STACK/DRAM[0m
[0;32mI (271) heap_init: At 3FCF0000 len 00008000 (32 KiB): DRAM[0m
[0;32mI (277) heap_init: At 600FE010 len 00001FD8 (7 KiB): RTCRAM[0m
[0;32mI (284) spi_flash: detected chip: generic[0m
[0;32mI (288) spi_flash: flash io: dio[0m
[0;32mI (292) sleep: Configure to isolate all GPIO pins in sleep state[0m
[0;32mI (299) sleep: Enable automatic switching of GPIO sleep configuration[0m
[0;32mI (306) app_start: Starting scheduler on CPU0[0m
[0;32mI (311) app_start: Starting scheduler on CPU1[0m
[0;32mI (311) main_task: Started on CPU0[0m
[0;32mI (321) main_task: Calling app_main()[0m
[0;32mI (321) DAEMON: Installing USB Host Library[0m
[0;32mI (361) CLASS: Registering Client[0m
[0;32mI (9071) ADSB: rtlsdr_write_reg here 1[0m
[0;32mI (9071) ADSB: rtlsdr_write_reg here 1[0m
[0;32mI (9071) ADSB: rtlsdr_write_reg here 2[0m
[0;32mI (9071) ADSB: rtlsdr_write_reg here 2[0m
[0;32mI (9081) ADSB: rtlsdr_write_reg here 1[0m
[0;32mI (9081) ADSB: rtlsdr_write_reg here 1[0m
[0;32mI (9291) ADSB: rtl device number 105[0m
rtlsdr_i2c_read_reg R82XX_CHECK_ADDR setting done
Found Rafael Micro R820T tuner
[R82XX] PLL not locked!
Exact sample rate is: 2000000.052982 Hz
[R82XX] PLL not locked!
Sampling at 2000000 S/s.
[R82XX] PLL not locked!
Tuned to 1090000000 Hz.
Tuner gain set to automatic.
[0;32mI (9611) ADSB: rtlsdr_write_reg here 2[0m
[0;32mI (9611) ADSB: rtlsdr_write_reg here 2[0m
[0;32mI (10611) CLASS: [APP] Free memory: 372296 bytes[0m
[0;32mI (10611) ADSB: esp_libusb_bulk_transfer info 129 1024 0 2[0m
[0;32mI (10611) ADSB: esp_libusb_bulk_transfer usb_host_transfer_alloc 1088[0m
usb_host_transfer_submit111 0
BULK: Transfer:Read type 1088
BULK: Transfer:Read status 5, actual number of bytes transferred 0, databuffer size 1088, 52
[0;32mI (10631) CLASS: [APP] Free memory: 371204 bytes[0m
F455C93FF455C93F34BFB44092311AF259B39E74B1C5833C4E493DE38F5A15EF67CFC947FE02E5F8D5932974823112971926400A4D376954FCBB4810ADFDA8887457A46FD0971C9683B95D050FA62EC8C51F3168664C8B52CC8CC70DE7DCBF7AD074544DF5B469079412CD38356379573038BD9A704D3B0B0B1D05F7FED4707D8C97A7D59543F196829905024884980878C2C5182F711DC6ADE02003DFE99DBC2FE4B10E508FB3567F0767BEF900E015C2984C0C3A278F43FF333BAF821F1B1A5CF0F00D16645D480857908642959F03C8A3F18A1D3F1E0BF140E0F9F7B8B1F21C8F6998F87FBC3BA683110A5806CCEE57C84F74AEF5049CFAE90EF286FC55C3C9E8689218F1B1A42A4B4DBFF773036B3E1EE970E7BF410ED047519D803EF762DFE1CECB8EB5C2358B0E490F294DC29E29E4099EB6D18D738DA5FCFBD0BB7BDC2A0E3F8A81106A768AE7BD6BA960923E0BFB872DE56198C1905DB97BEBDC564E99FDD3C97EDFF5F7BC0481F2D395AD50FB828879384189363545F861F66ED7A200A71B6063EDA7275C0A08EA805F211E10513258253F8DFDC7DD5CAA640AC94328D6253A640E19B8914E462F85913498B1939D88BB69E2FFF0D6D6873BB3A1AD3E9663C3A19C1E449D4714922921A5EF9D405F7FF2174F98F56816F9AFD74E291CC8D3836587AB6CCF682A57854DB119C15EF33C55EA055B0FCC4BCB1CA4A9236597CAD19588F3F5B7CC417D4E42DB2E14AFECE463C10FD4FFE0F1D496723DB25B6875CEE4FEA1FA419D6899EFA831D8045126A29FC7482AF1C25FFFE6A6C3AF4197E6C45E4E1713652A2A4A0039329C310FADC92357236B5B6F706ACF13E6DE066EE44067ED32AD50090F7F6CCF86833E22F7753E341E96A12715885B676FBBBFF6D073B1D475A40A3EEEE46F2261897C6BAEA56BFC0E7716A09C7CC59EDFAF5F5F65C624AA82635286EAA5D9701C7A03C736776A461889EB7DB538A1BEDEBC5925D8F2BA2E99B148928E0C2054116446A44350AB64A8F7F3465885BE47FC0AB452EEC95885E91E391216254179AD8141E2C91B3E03355B8F2BFE643E689BBA8E7674C60290F156E8A07644E67F9C18DA6A5B1702EBD15B0C263D4A7C22F9BDE3466250A613C489BD8B1E8739C0EC061835E9850A41EEA6F45136DC30C6EA38C03B59756742167012C406CA168D5A91E0A1FBA131F46D5E494AC5B2B272503F90E3BBBA6820FEA00915B97B5949F4C0616D49A50ABE55331296A16CD3AEBA67918727026E732266F81583AB8132DAFAFAD9C7DB223E547571DC8B99D2D4FE6DAE85BC47EAF3FB3CD9F69821EFA9624E392303F6D2B63CF257F76ADA7FCB8EEAD6404EE2997B84B9303712D002A5471E15268F211A6D653212A178D0A2FD39B0B2F15BDA1B13C99BF84997E081B68F8EEC9ADC5934107E261339609F05EF6D6B[0;32mI (10801) ADSB: esp_libusb_bulk_transfer info 129 1024 0 1088[0m
[0;32mI (10821) ADSB: esp_libusb_bulk_transfer usb_host_transfer_alloc 1088[0m
usb_host_transfer_submit111 0
BULK: Transfer:Read type 1088
BULK: Transfer:Read status 5, actual number of bytes transferred 0, databuffer size 1088, 52
[0;32mI (10841) CLASS: [APP] Free memory: 370112 bytes[0m
F455C93FF455C93F34BFB44092311AF259B39E74B1C5833C4E493DE38F5A15EF67CFC947FE02E5F8D5932974823112971926400A4D376954FCBB4810ADFDA8887457A46FD0971C9683B95D050FA62EC8C51F3168664C8B52CC8CC70DE7DCBF7AD074544DF5B469079412CD38356379573038BD9A704D3B0B0B1D05F7FED4707D8C97A7D59543F196829905024884980878C2C5182F711DC6ADE02003DFE99DBC2FE4B10E508FB3567F0767BEF900E015C2984C0C3A278F43FF333BAF821F1B1A5CF0F00D16645D480857908642959F03C8A3F18A1D3F1E0BF140E0F9F7B8B1F21C8F6998F87FBC3BA683110A5806CCEE57C84F74AEF5049CFAE90EF286FC55C3C9E8689218F1B1A42A4B4DBFF773036B3E1EE970E7BF410ED047519D803EF762DFE1CECB8EB5C2358B0E490F294DC29E29E4099EB6D18D738DA5FCFBD0BB7BDC2A0E3F8A81106A768AE7BD6BA960923E0BFB872DE56198C1905DB97BEBDC564E99FDD3C97EDFF5F7BC0481F2D395AD50FB828879384189363545F861F66ED7A200A71B6063EDA7275C0A08EA805F211E10513258253F8DFDC7DD5CAA640AC94328D6253A640E19B8914E462F85913498B1939D88BB69E2FFF0D6D6873BB3A1AD3E9663C3A19C1E449D4714922921A5EF9D405F7FF2174F98F56816F9AFD74E291CC8D3836587AB6CCF682A57854DB119C15EF33C55EA055B0FCC4BCB1CA4A9236597CAD19588F3F5B7CC417D4E42DB2E14AFECE463C10FD4FFE0F1D496723DB25B6875CEE4FEA1FA419D6899EFA831D8045126A29FC7482AF1C25FFFE6A6C3AF4197E6C45E4E1713652A2A4A0039329C310FADC92357236B5B6F706ACF13E6DE066EE44067ED32AD50090F7F6CCF86833E22F7753E341E96A12715885B676FBBBFF6D073B1D475A40A3EEEE46F2261897C6BAEA56BFC0E7716A09C7CC59EDFAF5F5F65C624AA82635286EAA5D9701C7A03C736776A461889EB7DB538A1BEDEBC5925D8F2BA2E99B148928E0C2054116446A44350AB64A8F7F3465885BE47FC0AB452EEC95885E91E391216254179AD8141E2C91B3E03355B8F2BFE643E689BBA8E7674C60290F156E8A07644E67F9C18DA6A5B1702EBD15B0C263D4A7C22F9BDE3466250A613C489BD8B1E8739C0EC061835E9850A41EEA6F45136DC30C6EA38C03B59756742167012C406CA168D5A91E0A1FBA131F46D5E494AC5B2B272503F90E3BBBA6820FEA00915B97B5949F4C0616D49A50ABE55331296A16CD3AEBA67918727026E732266F81583AB8132DAFAFAD9C7DB223E547571DC8B99D2D4FE6DAE85BC47EAF3FB3CD9F69821EFA9624E392303F6D2B63CF257F76ADA7FCB8EEAD6404EE2997B84B9303712D002A5471E15268F211A6D653212A178D0A2FD39B0B2F15BDA1B13C99BF84997E081B68F8EEC9ADC5934107E261339609F05EF6D6B[0;32mI (11011) ADSB: esp_libusb_bulk_transfer info 129 1024 0 1088[0m
[0;32mI (11031) ADSB: esp_libusb_bulk_transfer usb_host_transfer_alloc 1088[0m
usb_host_transfer_submit111 0
BULK: Transfer:Read type 1088
BULK: Transfer:Read status 5, actual number of bytes transferred 0, databuffer size 1088, 52
[0;32mI (11051) CLASS: [APP] Free memory: 369020 bytes[0m
F455C93FF455C93F34BFB44092311AF259B39E74B1C5833C4E493DE38F5A15EF67CFC947FE02E5F8D5932974823112971926400A4D376954FCBB4810ADFDA8887457A46FD0971C9683B95D050FA62EC8C51F3168664C8B52CC8CC70DE7DCBF7AD074544DF5B469079412CD38356379573038BD9A704D3B0B0B1D05F7FED4707D8C97A7D59543F196829905024884980878C2C5182F711DC6ADE02003DFE99DBC2FE4B10E508FB3567F0767BEF900E015C2984C0C3A278F43FF333BAF821F1B1A5CF0F00D16645D480857908642959F03C8A3F18A1D3F1E0BF140E0F9F7B8B1F21C8F6998F87FBC3BA683110A5806CCEE57C84F74AEF5049CFAE90EF286FC55C3C9E8689218F1B1A42A4B4DBFF773036B3E1EE970E7BF410ED047519D803EF762DFE1CECB8EB5C2358B0E490F294DC29E29E4099EB6D18D738DA5FCFBD0BB7BDC2A0E3F8A81106A768AE7BD6BA960923E0BFB872DE56198C1905DB97BEBDC564E99FDD3C97EDFF5F7BC0481F2D395AD50FB828879384189363545F861F66ED7A200A71B6063EDA7275C0A08EA805F211E10513258253F8DFDC7DD5CAA640AC94328D6253A640E19B8914E462F85913498B1939D88BB69E2FFF0D6D6873BB3A1AD3E9663C3A19C1E449D4714922921A5EF9D405F7FF2174F98F56816F9AFD74E291CC8D3836587AB6CCF682A57854DB119C15EF33C55EA055B0FCC4BCB1CA4A9236597CAD19588F3F5B7CC417D4E42DB2E14AFECE463C10FD4FFE0F1D496723DB25B6875CEE4FEA1FA419D6899EFA831D8045126A29FC7482AF1C25FFFE6A6C3AF4197E6C45E4E1713652A2A4A0039329C310FADC92357236B5B6F706ACF13E6DE066EE44067ED32AD50090F7F6CCF86833E22F7753E341E96A12715885B676FBBBFF6D073B1D475A40A3EEEE46F2261897C6BAEA56BFC0E7716A09C7CC59EDFAF5F5F65C624AA82635286EAA5D9701C7A03C736776A461889EB7DB538A1BEDEBC5925D8F2BA2E99B148928E0C2054116446A44350AB64A8F7F3465885BE47FC0AB452EEC95885E91E391216254179AD8141E2C91B3E03355B8F2BFE643E689BBA8E7674C60290F156E8A07644E67F9C18DA6A5B1702EBD15B0C263D4A7C22F9BDE3466250A613C489BD8B1E8739C0EC061835E9850A41EEA6F45136DC30C6EA38C03B59756742167012C406CA168D5A91E0A1FBA131F46D5E494AC5B2B272503F90E3BBBA6820FEA00915B97B5949F4C0616D49A50ABE55331296A16CD3AEBA67918727026E732266F81583AB8132DAFAFAD9C7DB223E547571DC8B99D2D4FE6DAE85BC47EAF3FB3CD9F69821EFA9624E392303F6D2B63CF257F76ADA7FCB8EEAD6404EE2997B84B9303712D002A5471E15268F211A6D653212A178D0A2FD39B0B2F15BDA1B13C99BF84997E081B68F8EEC9ADC5934107E261339609F05EF6D6B[0;32mI (11221) ADSB: esp_libusb_bulk_transfer info 129 1024 0 1088[0m
[0;32mI (11241) ADSB: esp_libusb_bulk_transfer usb_host_transfer_alloc 1088[0m
usb_host_transfer_submit111 0
BULK: Transfer:Read type 1088
BULK: Transfer:Read status 7, actual number of bytes transferred 0, databuffer size 1088, 52
[0;32mI (11261) ADSB: esp_libusb_bulk_transfer failed[0m
[0;32mI (11261) CLASS: [APP] Free memory: 366756 bytes[0m
WARNING: sync read failed.
[0;32mI (11271) ADSB: Getting config descriptor[0m
*** Configuration descriptor ***
bLength 9
bDescriptorType 2
wTotalLength 34
bNumInterfaces 2
bConfigurationValue 1
iConfiguration 4
bmAttributes 0x80
bMaxPower 500mA
	*** Interface descriptor ***
	bLength 9
	bDescriptorType 4
	bInterfaceNumber 0
	bAlternateSetting 0
	bNumEndpoints 1
	bInterfaceClass 0xff
	bInterfaceSubClass 0xff
	bInterfaceProtocol 0xff
	iInterface 5
		*** Endpoint descriptor ***
		bLength 7
		bDescriptorType 5
		bEndpointAddress 0x81	EP 1 IN
		bmAttributes 0x2	BULK
		wMaxPacketSize 64
		bInterval 1
	*** Interface descriptor ***
	bLength 9
	bDescriptorType 4
	bInterfaceNumber 1
	bAlternateSetting 0
	bNumEndpoints 0
	bInterfaceClass 0xff
	bInterfaceSubClass 0xff
	bInterfaceProtocol 0xff
	iInterface 5
[0;31mE (11341) USBH: Device 1 gone[0m
